../Core/Src/stm32f4xx_it.c:89:6:NMI_Handler	4	static
../Core/Src/stm32f4xx_it.c:104:6:HardFault_Handler	4	static
../Core/Src/stm32f4xx_it.c:119:6:MemManage_Handler	4	static
../Core/Src/stm32f4xx_it.c:134:6:BusFault_Handler	4	static
../Core/Src/stm32f4xx_it.c:149:6:UsageFault_Handler	4	static
../Core/Src/stm32f4xx_it.c:164:6:DebugMon_Handler	4	static
../Core/Src/stm32f4xx_it.c:184:6:DMA1_Stream0_IRQHandler	8	static
../Core/Src/stm32f4xx_it.c:198:6:DMA1_Stream2_IRQHandler	8	static
../Core/Src/stm32f4xx_it.c:212:6:DMA1_Stream4_IRQHandler	8	static
../Core/Src/stm32f4xx_it.c:226:6:ADC_IRQHandler	8	static
../Core/Src/stm32f4xx_it.c:240:6:CAN1_TX_IRQHandler	8	static
../Core/Src/stm32f4xx_it.c:254:6:CAN1_RX0_IRQHandler	8	static
../Core/Src/stm32f4xx_it.c:268:6:CAN1_RX1_IRQHandler	8	static
../Core/Src/stm32f4xx_it.c:282:6:CAN1_SCE_IRQHandler	8	static
../Core/Src/stm32f4xx_it.c:296:6:TIM1_UP_TIM10_IRQHandler	8	static
../Core/Src/stm32f4xx_it.c:310:6:TIM1_TRG_COM_TIM11_IRQHandler	8	static
../Core/Src/stm32f4xx_it.c:324:6:TIM2_IRQHandler	8	static
../Core/Src/stm32f4xx_it.c:338:6:TIM3_IRQHandler	8	static
../Core/Src/stm32f4xx_it.c:352:6:TIM8_UP_TIM13_IRQHandler	8	static
../Core/Src/stm32f4xx_it.c:366:6:TIM8_TRG_COM_TIM14_IRQHandler	8	static
../Core/Src/stm32f4xx_it.c:380:6:DMA1_Stream7_IRQHandler	8	static
../Core/Src/stm32f4xx_it.c:394:6:SPI3_IRQHandler	8	static
../Core/Src/stm32f4xx_it.c:408:6:UART4_IRQHandler	8	static
../Core/Src/stm32f4xx_it.c:422:6:UART5_IRQHandler	8	static
../Core/Src/stm32f4xx_it.c:436:6:TIM6_DAC_IRQHandler	8	static
../Core/Src/stm32f4xx_it.c:450:6:TIM7_IRQHandler	8	static
../Core/Src/stm32f4xx_it.c:464:6:DMA2_Stream0_IRQHandler	8	static
../Core/Src/stm32f4xx_it.c:478:6:CAN2_TX_IRQHandler	8	static
../Core/Src/stm32f4xx_it.c:492:6:CAN2_RX0_IRQHandler	8	static
../Core/Src/stm32f4xx_it.c:506:6:CAN2_RX1_IRQHandler	8	static
../Core/Src/stm32f4xx_it.c:520:6:CAN2_SCE_IRQHandler	8	static
../Core/Src/stm32f4xx_it.c:534:6:OTG_FS_IRQHandler	8	static
