../Core/Src/tim.c:38:6:MX_TIM2_Init	56	static
../Core/Src/tim.c:82:6:MX_TIM3_Init	56	static
../Core/Src/tim.c:126:6:MX_TIM7_Init	16	static
../Core/Src/tim.c:159:6:MX_TIM9_Init	40	static
../Core/Src/tim.c:200:6:MX_TIM10_Init	8	static
../Core/Src/tim.c:226:6:MX_TIM11_Init	8	static
../Core/Src/tim.c:252:6:MX_TIM12_Init	40	static
../Core/Src/tim.c:293:6:MX_TIM13_Init	8	static
../Core/Src/tim.c:319:6:MX_TIM14_Init	8	static
../Core/Src/tim.c:345:6:HAL_TIM_Encoder_MspInit	56	static
../Core/Src/tim.c:413:6:HAL_TIM_Base_MspInit	40	static
../Core/Src/tim.c:493:6:HAL_TIM_PWM_MspInit	24	static
../Core/Src/tim.c:519:6:HAL_TIM_MspPostInit	48	static
../Core/Src/tim.c:569:6:HAL_TIM_Encoder_MspDeInit	16	static
../Core/Src/tim.c:616:6:HAL_TIM_Base_MspDeInit	16	static
../Core/Src/tim.c:691:6:HAL_TIM_PWM_MspDeInit	16	static
