Archive member included to satisfy reference by file (symbol)

/Applications/STM32CubeIDE.app/Contents/Eclipse/plugins/com.st.stm32cube.ide.mcu.externaltools.gnu-tools-for-stm32.12.3.rel1.macos64_1.0.100.202403111906/tools/bin/../lib/gcc/arm-none-eabi/12.3.1/../../../../arm-none-eabi/lib/thumb/v7e-m+fp/hard/libc_nano.a(libc_a-exit.o)
                              /Applications/STM32CubeIDE.app/Contents/Eclipse/plugins/com.st.stm32cube.ide.mcu.externaltools.gnu-tools-for-stm32.12.3.rel1.macos64_1.0.100.202403111906/tools/bin/../lib/gcc/arm-none-eabi/12.3.1/../../../../arm-none-eabi/lib/thumb/v7e-m+fp/hard/crt0.o (exit)
/Applications/STM32CubeIDE.app/Contents/Eclipse/plugins/com.st.stm32cube.ide.mcu.externaltools.gnu-tools-for-stm32.12.3.rel1.macos64_1.0.100.202403111906/tools/bin/../lib/gcc/arm-none-eabi/12.3.1/../../../../arm-none-eabi/lib/thumb/v7e-m+fp/hard/libc_nano.a(libc_a-findfp.o)
                              /Applications/STM32CubeIDE.app/Contents/Eclipse/plugins/com.st.stm32cube.ide.mcu.externaltools.gnu-tools-for-stm32.12.3.rel1.macos64_1.0.100.202403111906/tools/bin/../lib/gcc/arm-none-eabi/12.3.1/../../../../arm-none-eabi/lib/thumb/v7e-m+fp/hard/libc_nano.a(libc_a-exit.o) (__stdio_exit_handler)
/Applications/STM32CubeIDE.app/Contents/Eclipse/plugins/com.st.stm32cube.ide.mcu.externaltools.gnu-tools-for-stm32.12.3.rel1.macos64_1.0.100.202403111906/tools/bin/../lib/gcc/arm-none-eabi/12.3.1/../../../../arm-none-eabi/lib/thumb/v7e-m+fp/hard/libc_nano.a(libc_a-fwalk.o)
                              /Applications/STM32CubeIDE.app/Contents/Eclipse/plugins/com.st.stm32cube.ide.mcu.externaltools.gnu-tools-for-stm32.12.3.rel1.macos64_1.0.100.202403111906/tools/bin/../lib/gcc/arm-none-eabi/12.3.1/../../../../arm-none-eabi/lib/thumb/v7e-m+fp/hard/libc_nano.a(libc_a-findfp.o) (_fwalk_sglue)
/Applications/STM32CubeIDE.app/Contents/Eclipse/plugins/com.st.stm32cube.ide.mcu.externaltools.gnu-tools-for-stm32.12.3.rel1.macos64_1.0.100.202403111906/tools/bin/../lib/gcc/arm-none-eabi/12.3.1/../../../../arm-none-eabi/lib/thumb/v7e-m+fp/hard/libc_nano.a(libc_a-memset.o)
                              /Applications/STM32CubeIDE.app/Contents/Eclipse/plugins/com.st.stm32cube.ide.mcu.externaltools.gnu-tools-for-stm32.12.3.rel1.macos64_1.0.100.202403111906/tools/bin/../lib/gcc/arm-none-eabi/12.3.1/../../../../arm-none-eabi/lib/thumb/v7e-m+fp/hard/crt0.o (memset)
/Applications/STM32CubeIDE.app/Contents/Eclipse/plugins/com.st.stm32cube.ide.mcu.externaltools.gnu-tools-for-stm32.12.3.rel1.macos64_1.0.100.202403111906/tools/bin/../lib/gcc/arm-none-eabi/12.3.1/../../../../arm-none-eabi/lib/thumb/v7e-m+fp/hard/libc_nano.a(libc_a-impure.o)
                              /Applications/STM32CubeIDE.app/Contents/Eclipse/plugins/com.st.stm32cube.ide.mcu.externaltools.gnu-tools-for-stm32.12.3.rel1.macos64_1.0.100.202403111906/tools/bin/../lib/gcc/arm-none-eabi/12.3.1/../../../../arm-none-eabi/lib/thumb/v7e-m+fp/hard/libc_nano.a(libc_a-findfp.o) (_impure_data)
/Applications/STM32CubeIDE.app/Contents/Eclipse/plugins/com.st.stm32cube.ide.mcu.externaltools.gnu-tools-for-stm32.12.3.rel1.macos64_1.0.100.202403111906/tools/bin/../lib/gcc/arm-none-eabi/12.3.1/../../../../arm-none-eabi/lib/thumb/v7e-m+fp/hard/libc_nano.a(libc_a-errno.o)
                              ./Core/Src/syscalls.o (__errno)
/Applications/STM32CubeIDE.app/Contents/Eclipse/plugins/com.st.stm32cube.ide.mcu.externaltools.gnu-tools-for-stm32.12.3.rel1.macos64_1.0.100.202403111906/tools/bin/../lib/gcc/arm-none-eabi/12.3.1/../../../../arm-none-eabi/lib/thumb/v7e-m+fp/hard/libc_nano.a(libc_a-init.o)
                              /Applications/STM32CubeIDE.app/Contents/Eclipse/plugins/com.st.stm32cube.ide.mcu.externaltools.gnu-tools-for-stm32.12.3.rel1.macos64_1.0.100.202403111906/tools/bin/../lib/gcc/arm-none-eabi/12.3.1/../../../../arm-none-eabi/lib/thumb/v7e-m+fp/hard/crt0.o (__libc_init_array)
/Applications/STM32CubeIDE.app/Contents/Eclipse/plugins/com.st.stm32cube.ide.mcu.externaltools.gnu-tools-for-stm32.12.3.rel1.macos64_1.0.100.202403111906/tools/bin/../lib/gcc/arm-none-eabi/12.3.1/../../../../arm-none-eabi/lib/thumb/v7e-m+fp/hard/libc_nano.a(libc_a-lock.o)
                              /Applications/STM32CubeIDE.app/Contents/Eclipse/plugins/com.st.stm32cube.ide.mcu.externaltools.gnu-tools-for-stm32.12.3.rel1.macos64_1.0.100.202403111906/tools/bin/../lib/gcc/arm-none-eabi/12.3.1/../../../../arm-none-eabi/lib/thumb/v7e-m+fp/hard/libc_nano.a(libc_a-findfp.o) (__retarget_lock_init_recursive)
/Applications/STM32CubeIDE.app/Contents/Eclipse/plugins/com.st.stm32cube.ide.mcu.externaltools.gnu-tools-for-stm32.12.3.rel1.macos64_1.0.100.202403111906/tools/bin/../lib/gcc/arm-none-eabi/12.3.1/../../../../arm-none-eabi/lib/thumb/v7e-m+fp/hard/libc_nano.a(libc_a-memcpy-stub.o)
                              ./Middlewares/Third_Party/FreeRTOS/Source/CMSIS_RTOS_V2/cmsis_os2.o (memcpy)
[...]
Memory Configuration

Name             Origin             Length             Attributes
CCMRAM           0x10000000         0x00010000         xrw
RAM              0x20000000         0x00020000         xrw
FLASH            0x08000000         0x00100000         xr
*default*        0x00000000         0xffffffff

Linker script and memory map

LOAD /Applications/STM32CubeIDE.app/Contents/Eclipse/plugins/com.st.stm32cube.ide.mcu.externaltools.gnu-tools-for-stm32.12.3.rel1.macos64_1.0.100.202403111906/tools/bin/../lib/gcc/arm-none-eabi/12.3.1/thumb/v7e-m+fp/hard/crti.o
LOAD /Applications/STM32CubeIDE.app/Contents/Eclipse/plugins/com.st.stm32cube.ide.mcu.externaltools.gnu-tools-for-stm32.12.3.rel1.macos64_1.0.100.202403111906/tools/bin/../lib/gcc/arm-none-eabi/12.3.1/thumb/v7e-m+fp/hard/crtbegin.o
LOAD /Applications/STM32CubeIDE.app/Contents/Eclipse/plugins/com.st.stm32cube.ide.mcu.externaltools.gnu-tools-for-stm32.12.3.rel1.macos64_1.0.100.202403111906/tools/bin/../lib/gcc/arm-none-eabi/12.3.1/../../../../arm-none-eabi/lib/thumb/v7e-m+fp/hard/crt0.o
LOAD ./Core/Src/adc.o
LOAD ./Core/Src/can.o
LOAD ./Core/Src/dma.o
LOAD ./Core/Src/freertos.o
LOAD ./Core/Src/gpio.o
LOAD ./Core/Src/i2c.o
LOAD ./Core/Src/main.o
LOAD ./Core/Src/spi.o
LOAD ./Core/Src/stm32f4xx_hal_msp.o
LOAD ./Core/Src/stm32f4xx_hal_timebase_tim.o
LOAD ./Core/Src/stm32f4xx_it.o
LOAD ./Core/Src/syscalls.o
LOAD ./Core/Src/sysmem.o
LOAD ./Core/Src/system_stm32f4xx.o
LOAD ./Core/Src/tim.o
LOAD ./Core/Src/usart.o
LOAD ./Core/Startup/startup_stm32f405rgtx.o
LOAD ./Drivers/STM32F4xx_HAL_Driver/Src/stm32f4xx_hal.o
LOAD ./Drivers/STM32F4xx_HAL_Driver/Src/stm32f4xx_hal_adc.o
LOAD ./Drivers/STM32F4xx_HAL_Driver/Src/stm32f4xx_hal_adc_ex.o
LOAD ./Drivers/STM32F4xx_HAL_Driver/Src/stm32f4xx_hal_can.o
LOAD ./Drivers/STM32F4xx_HAL_Driver/Src/stm32f4xx_hal_cortex.o
LOAD ./Drivers/STM32F4xx_HAL_Driver/Src/stm32f4xx_hal_dma.o
LOAD ./Drivers/STM32F4xx_HAL_Driver/Src/stm32f4xx_hal_dma_ex.o
LOAD ./Drivers/STM32F4xx_HAL_Driver/Src/stm32f4xx_hal_exti.o
LOAD ./Drivers/STM32F4xx_HAL_Driver/Src/stm32f4xx_hal_flash.o
LOAD ./Drivers/STM32F4xx_HAL_Driver/Src/stm32f4xx_hal_flash_ex.o
LOAD ./Drivers/STM32F4xx_HAL_Driver/Src/stm32f4xx_hal_flash_ramfunc.o
LOAD ./Drivers/STM32F4xx_HAL_Driver/Src/stm32f4xx_hal_gpio.o
LOAD ./Drivers/STM32F4xx_HAL_Driver/Src/stm32f4xx_hal_i2c.o
LOAD ./Drivers/STM32F4xx_HAL_Driver/Src/stm32f4xx_hal_i2c_ex.o
LOAD ./Drivers/STM32F4xx_HAL_Driver/Src/stm32f4xx_hal_pcd.o
LOAD ./Drivers/STM32F4xx_HAL_Driver/Src/stm32f4xx_hal_pcd_ex.o
LOAD ./Drivers/STM32F4xx_HAL_Driver/Src/stm32f4xx_hal_pwr.o
LOAD ./Drivers/STM32F4xx_HAL_Driver/Src/stm32f4xx_hal_pwr_ex.o
LOAD ./Drivers/STM32F4xx_HAL_Driver/Src/stm32f4xx_hal_rcc.o
LOAD ./Drivers/STM32F4xx_HAL_Driver/Src/stm32f4xx_hal_rcc_ex.o
LOAD ./Drivers/STM32F4xx_HAL_Driver/Src/stm32f4xx_hal_spi.o
LOAD ./Drivers/STM32F4xx_HAL_Driver/Src/stm32f4xx_hal_tim.o
LOAD ./Drivers/STM32F4xx_HAL_Driver/Src/stm32f4xx_hal_tim_ex.o
LOAD ./Drivers/STM32F4xx_HAL_Driver/Src/stm32f4xx_hal_uart.o
LOAD ./Drivers/STM32F4xx_HAL_Driver/Src/stm32f4xx_ll_adc.o
LOAD ./Drivers/STM32F4xx_HAL_Driver/Src/stm32f4xx_ll_usb.o
LOAD ./Middlewares/ST/STM32_USB_Device_Library/Class/CDC/Src/usbd_cdc.o
LOAD ./Middlewares/ST/STM32_USB_Device_Library/Core/Src/usbd_core.o
LOAD ./Middlewares/ST/STM32_USB_Device_Library/Core/Src/usbd_ctlreq.o
LOAD ./Middlewares/ST/STM32_USB_Device_Library/Core/Src/usbd_ioreq.o
LOAD ./Middlewares/Third_Party/FreeRTOS/Source/CMSIS_RTOS_V2/cmsis_os2.o
LOAD ./Middlewares/Third_Party/FreeRTOS/Source/croutine.o
LOAD ./Middlewares/Third_Party/FreeRTOS/Source/event_groups.o
LOAD ./Middlewares/Third_Party/FreeRTOS/Source/list.o
LOAD ./Middlewares/Third_Party/FreeRTOS/Source/queue.o
LOAD ./Middlewares/Third_Party/FreeRTOS/Source/stream_buffer.o
LOAD ./Middlewares/Third_Party/FreeRTOS/Source/tasks.o
LOAD ./Middlewares/Third_Party/FreeRTOS/Source/timers.o
LOAD ./Middlewares/Third_Party/FreeRTOS/Source/portable/GCC/ARM_CM4F/port.o
LOAD ./Middlewares/Third_Party/FreeRTOS/Source/portable/MemMang/heap_4.o
LOAD ./USB_DEVICE/App/usb_device.o
LOAD ./USB_DEVICE/App/usbd_cdc_if.o
LOAD ./USB_DEVICE/App/usbd_desc.o
LOAD ./USB_DEVICE/Target/usbd_conf.o
START GROUP
LOAD /Applications/STM32CubeIDE.app/Contents/Eclipse/plugins/com.st.stm32cube.ide.mcu.externaltools.gnu-tools-for-stm32.12.3.rel1.macos64_1.0.100.202403111906/tools/bin/../lib/gcc/arm-none-eabi/12.3.1/../../../../arm-none-eabi/lib/thumb/v7e-m+fp/hard/libc_nano.a
LOAD /Applications/STM32CubeIDE.app/Contents/Eclipse/plugins/com.st.stm32cube.ide.mcu.externaltools.gnu-tools-for-stm32.12.3.rel1.macos64_1.0.100.202403111906/tools/bin/../lib/gcc/arm-none-eabi/12.3.1/../../../../arm-none-eabi/lib/thumb/v7e-m+fp/hard/libm.a
END GROUP
START GROUP
LOAD /Applications/STM32CubeIDE.app/Contents/Eclipse/plugins/com.st.stm32cube.ide.mcu.externaltools.gnu-tools-for-stm32.12.3.rel1.macos64_1.0.100.202403111906/tools/bin/../lib/gcc/arm-none-eabi/12.3.1/thumb/v7e-m+fp/hard/libgcc.a
LOAD /Applications/STM32CubeIDE.app/Contents/Eclipse/plugins/com.st.stm32cube.ide.mcu.externaltools.gnu-tools-for-stm32.12.3.rel1.macos64_1.0.100.202403111906/tools/bin/../lib/gcc/arm-none-eabi/12.3.1/../../../../arm-none-eabi/lib/thumb/v7e-m+fp/hard/libc_nano.a
END GROUP
START GROUP
LOAD /Applications/STM32CubeIDE.app/Contents/Eclipse/plugins/com.st.stm32cube.ide.mcu.externaltools.gnu-tools-for-stm32.12.3.rel1.macos64_1.0.100.202403111906/tools/bin/../lib/gcc/arm-none-eabi/12.3.1/thumb/v7e-m+fp/hard/libgcc.a
LOAD /Applications/STM32CubeIDE.app/Contents/Eclipse/plugins/com.st.stm32cube.ide.mcu.externaltools.gnu-tools-for-stm32.12.3.rel1.macos64_1.0.100.202403111906/tools/bin/../lib/gcc/arm-none-eabi/12.3.1/../../../../arm-none-eabi/lib/thumb/v7e-m+fp/hard/libc_nano.a
LOAD /Applications/STM32CubeIDE.app/Contents/Eclipse/plugins/com.st.stm32cube.ide.mcu.externaltools.gnu-tools-for-stm32.12.3.rel1.macos64_1.0.100.202403111906/tools/bin/../lib/gcc/arm-none-eabi/12.3.1/../../../../arm-none-eabi/lib/thumb/v7e-m+fp/hard/libnosys.a
END GROUP
START GROUP
LOAD /Applications/STM32CubeIDE.app/Contents/Eclipse/plugins/com.st.stm32cube.ide.mcu.externaltools.gnu-tools-for-stm32.12.3.rel1.macos64_1.0.100.202403111906/tools/bin/../lib/gcc/arm-none-eabi/12.3.1/thumb/v7e-m+fp/hard/libgcc.a
LOAD /Applications/STM32CubeIDE.app/Contents/Eclipse/plugins/com.st.stm32cube.ide.mcu.externaltools.gnu-tools-for-stm32.12.3.rel1.macos64_1.0.100.202403111906/tools/bin/../lib/gcc/arm-none-eabi/12.3.1/../../../../arm-none-eabi/lib/thumb/v7e-m+fp/hard/libc_nano.a
LOAD /Applications/STM32CubeIDE.app/Contents/Eclipse/plugins/com.st.stm32cube.ide.mcu.externaltools.gnu-tools-for-stm32.12.3.rel1.macos64_1.0.100.202403111906/tools/bin/../lib/gcc/arm-none-eabi/12.3.1/../../../../arm-none-eabi/lib/thumb/v7e-m+fp/hard/libnosys.a
END GROUP
LOAD /Applications/STM32CubeIDE.app/Contents/Eclipse/plugins/com.st.stm32cube.ide.mcu.externaltools.gnu-tools-for-stm32.12.3.rel1.macos64_1.0.100.202403111906/tools/bin/../lib/gcc/arm-none-eabi/12.3.1/thumb/v7e-m+fp/hard/crtend.o
LOAD /Applications/STM32CubeIDE.app/Contents/Eclipse/plugins/com.st.stm32cube.ide.mcu.externaltools.gnu-tools-for-stm32.12.3.rel1.macos64_1.0.100.202403111906/tools/bin/../lib/gcc/arm-none-eabi/12.3.1/thumb/v7e-m+fp/hard/crtn.o
                0x20020000                        _estack = (ORIGIN (RAM) + LENGTH (RAM))
                0x00003c00                        _Min_Heap_Size = 0x3c00
                0x00000800                        _Min_Stack_Size = 0x800

.isr_vector     0x08000000      0x188
                0x08000000                        . = ALIGN (0x4)
 *(.isr_vector)
 .isr_vector    0x08000000      0x188 ./Core/Startup/startup_stm32f405rgtx.o
                0x08000000                g_pfnVectors
                0x08000188                        . = ALIGN (0x4)

.text           0x08000190     0xdc7c
                0x08000190                        . = ALIGN (0x4)
 *(.text)
 .text          0x08000190       0x40 /Applications/STM32CubeIDE.app/Contents/Eclipse/plugins/com.st.stm32cube.ide.mcu.externaltools.gnu-tools-for-stm32.12.3.rel1.macos64_1.0.100.202403111906/tools/bin/../lib/gcc/arm-none-eabi/12.3.1/thumb/v7e-m+fp/hard/crtbegin.o
 .text          0x080001d0       0x30 /Applications/STM32CubeIDE.app/Contents/Eclipse/plugins/com.st.stm32cube.ide.mcu.externaltools.gnu-tools-for-stm32.12.3.rel1.macos64_1.0.100.202403111906/tools/bin/../lib/gcc/arm-none-eabi/12.3.1/thumb/v7e-m+fp/hard/libgcc.a(_aeabi_uldivmod.o)
                0x080001d0                __aeabi_uldivmod
 .text          0x08000200      0x2bc /Applications/STM32CubeIDE.app/Contents/Eclipse/plugins/com.st.stm32cube.ide.mcu.externaltools.gnu-tools-for-stm32.12.3.rel1.macos64_1.0.100.202403111906/tools/bin/../lib/gcc/arm-none-eabi/12.3.1/thumb/v7e-m+fp/hard/libgcc.a(_udivmoddi4.o)
                0x08000200                __udivmoddi4
 .text          0x080004bc        0x4 /Applications/STM32CubeIDE.app/Contents/Eclipse/plugins/com.st.stm32cube.ide.mcu.externaltools.gnu-tools-for-stm32.12.3.rel1.macos64_1.0.100.202403111906/tools/bin/../lib/gcc/arm-none-eabi/12.3.1/thumb/v7e-m+fp/hard/libgcc.a(_dvmd_tls.o)
                0x080004bc                __aeabi_ldiv0
                0x080004bc                __aeabi_idiv0
 *(.text*)
 .text.MX_ADC1_Init
                0x080004c0      0x130 ./Core/Src/adc.o
                0x080004c0                MX_ADC1_Init
 .text.HAL_ADC_MspInit
                0x080005f0      0x100 ./Core/Src/adc.o
                0x080005f0                HAL_ADC_MspInit
 .text.MX_CAN1_Init
                0x080006f0       0x6c ./Core/Src/can.o
                0x080006f0                MX_CAN1_Init
 .text.MX_CAN2_Init
                0x0800075c       0x6c ./Core/Src/can.o
                0x0800075c                MX_CAN2_Init
 .text.HAL_CAN_MspInit
                0x080007c8      0x204 ./Core/Src/can.o
                0x080007c8                HAL_CAN_MspInit
 .text.MX_DMA_Init
                0x080009cc       0x9c ./Core/Src/dma.o
                0x080009cc                MX_DMA_Init
 .text.MX_FREERTOS_Init
                0x08000a68       0x24 ./Core/Src/freertos.o
                0x08000a68                MX_FREERTOS_Init
 .text.StartDefaultTask
                0x08000a8c       0x14 ./Core/Src/freertos.o
                0x08000a8c                StartDefaultTask
 .text.MX_GPIO_Init
                0x08000aa0       0xf8 ./Core/Src/gpio.o
                0x08000aa0                MX_GPIO_Init
 .text.MX_I2C1_Init
                0x08000b98       0x5c ./Core/Src/i2c.o
                0x08000b98                MX_I2C1_Init
 .text.MX_I2C2_Init
                0x08000bf4       0x5c ./Core/Src/i2c.o
                0x08000bf4                MX_I2C2_Init
 .text.MX_I2C3_Init
                0x08000c50       0x5c ./Core/Src/i2c.o
                0x08000c50                MX_I2C3_Init
 .text.HAL_I2C_MspInit
                0x08000cac      0x1a8 ./Core/Src/i2c.o
                0x08000cac                HAL_I2C_MspInit
 .text.main     0x08000e54       0x58 ./Core/Src/main.o
                0x08000e54                main
 .text.SystemClock_Config
                0x08000eac       0xd4 ./Core/Src/main.o
                0x08000eac                SystemClock_Config
 .text.HAL_TIM_PeriodElapsedCallback
                0x08000f80       0x24 ./Core/Src/main.o
                0x08000f80                HAL_TIM_PeriodElapsedCallback
 .text.Error_Handler
                0x08000fa4        0xc ./Core/Src/main.o
                0x08000fa4                Error_Handler
 .text.MX_SPI1_Init
                0x08000fb0       0x6c ./Core/Src/spi.o
                0x08000fb0                MX_SPI1_Init
 .text.MX_SPI3_Init
                0x0800101c       0x6c ./Core/Src/spi.o
                0x0800101c                MX_SPI3_Init
 .text.HAL_SPI_MspInit
                0x08001088      0x188 ./Core/Src/spi.o
                0x08001088                HAL_SPI_MspInit
 .text.HAL_MspInit
                0x08001210       0x58 ./Core/Src/stm32f4xx_hal_msp.o
                0x08001210                HAL_MspInit
 .text.HAL_InitTick
                0x08001268       0xf8 ./Core/Src/stm32f4xx_hal_timebase_tim.o
                0x08001268                HAL_InitTick
 .text.NMI_Handler
                0x08001360        0x8 ./Core/Src/stm32f4xx_it.o
                0x08001360                NMI_Handler
 .text.HardFault_Handler
                0x08001368        0x8 ./Core/Src/stm32f4xx_it.o
                0x08001368                HardFault_Handler
 .text.MemManage_Handler
                0x08001370        0x8 ./Core/Src/stm32f4xx_it.o
                0x08001370                MemManage_Handler
 .text.BusFault_Handler
                0x08001378        0x8 ./Core/Src/stm32f4xx_it.o
                0x08001378                BusFault_Handler
 .text.UsageFault_Handler
                0x08001380        0x8 ./Core/Src/stm32f4xx_it.o
                0x08001380                UsageFault_Handler
 .text.DebugMon_Handler
                0x08001388        0xe ./Core/Src/stm32f4xx_it.o
                0x08001388                DebugMon_Handler
 *fill*         0x08001396        0x2 
 .text.DMA1_Stream0_IRQHandler
                0x08001398       0x14 ./Core/Src/stm32f4xx_it.o
                0x08001398                DMA1_Stream0_IRQHandler
 .text.DMA1_Stream2_IRQHandler
                0x080013ac       0x14 ./Core/Src/stm32f4xx_it.o
                0x080013ac                DMA1_Stream2_IRQHandler
 .text.DMA1_Stream4_IRQHandler
                0x080013c0       0x14 ./Core/Src/stm32f4xx_it.o
                0x080013c0                DMA1_Stream4_IRQHandler
 .text.ADC_IRQHandler
                0x080013d4       0x14 ./Core/Src/stm32f4xx_it.o
                0x080013d4                ADC_IRQHandler
 .text.CAN1_TX_IRQHandler
                0x080013e8       0x14 ./Core/Src/stm32f4xx_it.o
                0x080013e8                CAN1_TX_IRQHandler
 .text.CAN1_RX0_IRQHandler
                0x080013fc       0x14 ./Core/Src/stm32f4xx_it.o
                0x080013fc                CAN1_RX0_IRQHandler
 .text.CAN1_RX1_IRQHandler
                0x08001410       0x14 ./Core/Src/stm32f4xx_it.o
                0x08001410                CAN1_RX1_IRQHandler
 .text.CAN1_SCE_IRQHandler
                0x08001424       0x14 ./Core/Src/stm32f4xx_it.o
                0x08001424                CAN1_SCE_IRQHandler
 .text.TIM1_UP_TIM10_IRQHandler
                0x08001438       0x14 ./Core/Src/stm32f4xx_it.o
                0x08001438                TIM1_UP_TIM10_IRQHandler
 .text.TIM1_TRG_COM_TIM11_IRQHandler
                0x0800144c       0x14 ./Core/Src/stm32f4xx_it.o
                0x0800144c                TIM1_TRG_COM_TIM11_IRQHandler
 .text.TIM2_IRQHandler
                0x08001460       0x14 ./Core/Src/stm32f4xx_it.o
                0x08001460                TIM2_IRQHandler
 .text.TIM3_IRQHandler
                0x08001474       0x14 ./Core/Src/stm32f4xx_it.o
                0x08001474                TIM3_IRQHandler
 .text.TIM8_UP_TIM13_IRQHandler
                0x08001488       0x14 ./Core/Src/stm32f4xx_it.o
                0x08001488                TIM8_UP_TIM13_IRQHandler
 .text.TIM8_TRG_COM_TIM14_IRQHandler
                0x0800149c       0x14 ./Core/Src/stm32f4xx_it.o
                0x0800149c                TIM8_TRG_COM_TIM14_IRQHandler
 .text.DMA1_Stream7_IRQHandler
                0x080014b0       0x14 ./Core/Src/stm32f4xx_it.o
                0x080014b0                DMA1_Stream7_IRQHandler
 .text.SPI3_IRQHandler
                0x080014c4       0x14 ./Core/Src/stm32f4xx_it.o
                0x080014c4                SPI3_IRQHandler
 .text.UART4_IRQHandler
                0x080014d8       0x14 ./Core/Src/stm32f4xx_it.o
                0x080014d8                UART4_IRQHandler
 .text.UART5_IRQHandler
                0x080014ec       0x14 ./Core/Src/stm32f4xx_it.o
                0x080014ec                UART5_IRQHandler
 .text.TIM6_DAC_IRQHandler
                0x08001500       0x14 ./Core/Src/stm32f4xx_it.o
                0x08001500                TIM6_DAC_IRQHandler
 .text.TIM7_IRQHandler
                0x08001514       0x14 ./Core/Src/stm32f4xx_it.o
                0x08001514                TIM7_IRQHandler
 .text.DMA2_Stream0_IRQHandler
                0x08001528       0x14 ./Core/Src/stm32f4xx_it.o
                0x08001528                DMA2_Stream0_IRQHandler
 .text.CAN2_TX_IRQHandler
                0x0800153c       0x14 ./Core/Src/stm32f4xx_it.o
                0x0800153c                CAN2_TX_IRQHandler
 .text.CAN2_RX0_IRQHandler
                0x08001550       0x14 ./Core/Src/stm32f4xx_it.o
                0x08001550                CAN2_RX0_IRQHandler
 .text.CAN2_RX1_IRQHandler
                0x08001564       0x14 ./Core/Src/stm32f4xx_it.o
                0x08001564                CAN2_RX1_IRQHandler
 .text.CAN2_SCE_IRQHandler
                0x08001578       0x14 ./Core/Src/stm32f4xx_it.o
                0x08001578                CAN2_SCE_IRQHandler
 .text.OTG_FS_IRQHandler
                0x0800158c       0x14 ./Core/Src/stm32f4xx_it.o
                0x0800158c                OTG_FS_IRQHandler
 .text.SystemInit
                0x080015a0       0x24 ./Core/Src/system_stm32f4xx.o
                0x080015a0                SystemInit
 .text.MX_TIM2_Init
                0x080015c4       0xa8 ./Core/Src/tim.o
                0x080015c4                MX_TIM2_Init
 .text.MX_TIM3_Init
                0x0800166c       0xa8 ./Core/Src/tim.o
                0x0800166c                MX_TIM3_Init
 .text.HAL_TIM_Encoder_MspInit
                0x08001714      0x158 ./Core/Src/tim.o
                0x08001714                HAL_TIM_Encoder_MspInit
 .text.HAL_TIM_Base_MspInit
                0x0800186c      0x140 ./Core/Src/tim.o
                0x0800186c                HAL_TIM_Base_MspInit
 .text.MX_UART4_Init
                0x080019ac       0x54 ./Core/Src/usart.o
                0x080019ac                MX_UART4_Init
 .text.MX_UART5_Init
                0x08001a00       0x54 ./Core/Src/usart.o
                0x08001a00                MX_UART5_Init
 .text.MX_USART1_UART_Init
                0x08001a54       0x54 ./Core/Src/usart.o
                0x08001a54                MX_USART1_UART_Init
 .text.HAL_UART_MspInit
                0x08001aa8      0x368 ./Core/Src/usart.o
                0x08001aa8                HAL_UART_MspInit
 .text.Reset_Handler
                0x08001e10       0x50 ./Core/Startup/startup_stm32f405rgtx.o
                0x08001e10                Reset_Handler
 .text.Default_Handler
                0x08001e60        0x2 ./Core/Startup/startup_stm32f405rgtx.o
                0x08001e60                DMA1_Stream3_IRQHandler
                0x08001e60                HASH_RNG_IRQHandler
                0x08001e60                EXTI2_IRQHandler
                0x08001e60                TIM8_CC_IRQHandler
                0x08001e60                TIM1_CC_IRQHandler
                0x08001e60                DMA2_Stream5_IRQHandler
                0x08001e60                DMA1_Stream5_IRQHandler
                0x08001e60                PVD_IRQHandler
                0x08001e60                SDIO_IRQHandler
                0x08001e60                TAMP_STAMP_IRQHandler
                0x08001e60                EXTI3_IRQHandler
                0x08001e60                I2C3_ER_IRQHandler
                0x08001e60                EXTI0_IRQHandler
                0x08001e60                I2C2_EV_IRQHandler
                0x08001e60                FPU_IRQHandler
                0x08001e60                OTG_HS_WKUP_IRQHandler
                0x08001e60                DMA2_Stream2_IRQHandler
                0x08001e60                SPI1_IRQHandler
                0x08001e60                TIM1_BRK_TIM9_IRQHandler
                0x08001e60                DMA2_Stream3_IRQHandler
                0x08001e60                USART6_IRQHandler
                0x08001e60                USART3_IRQHandler
                0x08001e60                TIM4_IRQHandler
                0x08001e60                I2C1_EV_IRQHandler
                0x08001e60                DMA1_Stream6_IRQHandler
                0x08001e60                DMA1_Stream1_IRQHandler
                0x08001e60                RCC_IRQHandler
                0x08001e60                TIM8_BRK_TIM12_IRQHandler
                0x08001e60                Default_Handler
                0x08001e60                EXTI15_10_IRQHandler
                0x08001e60                TIM5_IRQHandler
                0x08001e60                DMA2_Stream7_IRQHandler
                0x08001e60                I2C3_EV_IRQHandler
                0x08001e60                EXTI9_5_IRQHandler
                0x08001e60                RTC_WKUP_IRQHandler
                0x08001e60                SPI2_IRQHandler
                0x08001e60                OTG_HS_EP1_IN_IRQHandler
                0x08001e60                EXTI4_IRQHandler
                0x08001e60                FSMC_IRQHandler
                0x08001e60                OTG_HS_EP1_OUT_IRQHandler
                0x08001e60                WWDG_IRQHandler
                0x08001e60                OTG_FS_WKUP_IRQHandler
                0x08001e60                OTG_HS_IRQHandler
                0x08001e60                EXTI1_IRQHandler
                0x08001e60                USART2_IRQHandler
                0x08001e60                I2C2_ER_IRQHandler
                0x08001e60                DMA2_Stream1_IRQHandler
                0x08001e60                FLASH_IRQHandler
                0x08001e60                DMA2_Stream4_IRQHandler
                0x08001e60                USART1_IRQHandler
                0x08001e60                I2C1_ER_IRQHandler
                0x08001e60                DMA2_Stream6_IRQHandler
                0x08001e60                RTC_Alarm_IRQHandler
 *fill*         0x08001e62        0x2 
 .text.HAL_Init
                0x08001e64       0x44 ./Drivers/STM32F4xx_HAL_Driver/Src/stm32f4xx_hal.o
                0x08001e64                HAL_Init
 .text.HAL_IncTick
                0x08001ea8       0x28 ./Drivers/STM32F4xx_HAL_Driver/Src/stm32f4xx_hal.o
                0x08001ea8                HAL_IncTick
 .text.HAL_GetTick
                0x08001ed0       0x18 ./Drivers/STM32F4xx_HAL_Driver/Src/stm32f4xx_hal.o
                0x08001ed0                HAL_GetTick
 .text.HAL_Delay
                0x08001ee8       0x48 ./Drivers/STM32F4xx_HAL_Driver/Src/stm32f4xx_hal.o
                0x08001ee8                HAL_Delay
 .text.HAL_ADC_Init
                0x08001f30       0x86 ./Drivers/STM32F4xx_HAL_Driver/Src/stm32f4xx_hal_adc.o
                0x08001f30                HAL_ADC_Init
 .text.HAL_ADC_IRQHandler
                0x08001fb6      0x220 ./Drivers/STM32F4xx_HAL_Driver/Src/stm32f4xx_hal_adc.o
                0x08001fb6                HAL_ADC_IRQHandler
 .text.HAL_ADC_ConvCpltCallback
                0x080021d6       0x14 ./Drivers/STM32F4xx_HAL_Driver/Src/stm32f4xx_hal_adc.o
                0x080021d6                HAL_ADC_ConvCpltCallback
 .text.HAL_ADC_LevelOutOfWindowCallback
                0x080021ea       0x14 ./Drivers/STM32F4xx_HAL_Driver/Src/stm32f4xx_hal_adc.o
                0x080021ea                HAL_ADC_LevelOutOfWindowCallback
 .text.HAL_ADC_ErrorCallback
                0x080021fe       0x14 ./Drivers/STM32F4xx_HAL_Driver/Src/stm32f4xx_hal_adc.o
                0x080021fe                HAL_ADC_ErrorCallback
 *fill*         0x08002212        0x2 
 .text.HAL_ADC_ConfigChannel
                0x08002214      0x244 ./Drivers/STM32F4xx_HAL_Driver/Src/stm32f4xx_hal_adc.o
                0x08002214                HAL_ADC_ConfigChannel
 .text.ADC_Init
                0x08002458      0x1f8 ./Drivers/STM32F4xx_HAL_Driver/Src/stm32f4xx_hal_adc.o
 .text.HAL_ADCEx_InjectedConvCpltCallback
                0x08002650       0x14 ./Drivers/STM32F4xx_HAL_Driver/Src/stm32f4xx_hal_adc_ex.o
                0x08002650                HAL_ADCEx_InjectedConvCpltCallback
 .text.HAL_CAN_Init
                0x08002664      0x1f6 ./Drivers/STM32F4xx_HAL_Driver/Src/stm32f4xx_hal_can.o
                0x08002664                HAL_CAN_Init
 .text.HAL_CAN_IRQHandler
                0x0800285a      0x36e ./Drivers/STM32F4xx_HAL_Driver/Src/stm32f4xx_hal_can.o
                0x0800285a                HAL_CAN_IRQHandler
 .text.HAL_CAN_TxMailbox0CompleteCallback
                0x08002bc8       0x14 ./Drivers/STM32F4xx_HAL_Driver/Src/stm32f4xx_hal_can.o
                0x08002bc8                HAL_CAN_TxMailbox0CompleteCallback
 .text.HAL_CAN_TxMailbox1CompleteCallback
                0x08002bdc       0x14 ./Drivers/STM32F4xx_HAL_Driver/Src/stm32f4xx_hal_can.o
                0x08002bdc                HAL_CAN_TxMailbox1CompleteCallback
 .text.HAL_CAN_TxMailbox2CompleteCallback
                0x08002bf0       0x14 ./Drivers/STM32F4xx_HAL_Driver/Src/stm32f4xx_hal_can.o
                0x08002bf0                HAL_CAN_TxMailbox2CompleteCallback
 .text.HAL_CAN_TxMailbox0AbortCallback
                0x08002c04       0x14 ./Drivers/STM32F4xx_HAL_Driver/Src/stm32f4xx_hal_can.o
                0x08002c04                HAL_CAN_TxMailbox0AbortCallback
 .text.HAL_CAN_TxMailbox1AbortCallback
                0x08002c18       0x14 ./Drivers/STM32F4xx_HAL_Driver/Src/stm32f4xx_hal_can.o
                0x08002c18                HAL_CAN_TxMailbox1AbortCallback
 .text.HAL_CAN_TxMailbox2AbortCallback
                0x08002c2c       0x14 ./Drivers/STM32F4xx_HAL_Driver/Src/stm32f4xx_hal_can.o
                0x08002c2c                HAL_CAN_TxMailbox2AbortCallback
 .text.HAL_CAN_RxFifo0MsgPendingCallback
                0x08002c40       0x14 ./Drivers/STM32F4xx_HAL_Driver/Src/stm32f4xx_hal_can.o
                0x08002c40                HAL_CAN_RxFifo0MsgPendingCallback
 .text.HAL_CAN_RxFifo0FullCallback
                0x08002c54       0x14 ./Drivers/STM32F4xx_HAL_Driver/Src/stm32f4xx_hal_can.o
                0x08002c54                HAL_CAN_RxFifo0FullCallback
 .text.HAL_CAN_RxFifo1MsgPendingCallback
                0x08002c68       0x14 ./Drivers/STM32F4xx_HAL_Driver/Src/stm32f4xx_hal_can.o
                0x08002c68                HAL_CAN_RxFifo1MsgPendingCallback
 .text.HAL_CAN_RxFifo1FullCallback
                0x08002c7c       0x14 ./Drivers/STM32F4xx_HAL_Driver/Src/stm32f4xx_hal_can.o
                0x08002c7c                HAL_CAN_RxFifo1FullCallback
 .text.HAL_CAN_SleepCallback
                0x08002c90       0x14 ./Drivers/STM32F4xx_HAL_Driver/Src/stm32f4xx_hal_can.o
                0x08002c90                HAL_CAN_SleepCallback
 .text.HAL_CAN_WakeUpFromRxMsgCallback
                0x08002ca4       0x14 ./Drivers/STM32F4xx_HAL_Driver/Src/stm32f4xx_hal_can.o
                0x08002ca4                HAL_CAN_WakeUpFromRxMsgCallback
 .text.HAL_CAN_ErrorCallback
                0x08002cb8       0x14 ./Drivers/STM32F4xx_HAL_Driver/Src/stm32f4xx_hal_can.o
                0x08002cb8                HAL_CAN_ErrorCallback
 .text.__NVIC_SetPriorityGrouping
                0x08002ccc       0x48 ./Drivers/STM32F4xx_HAL_Driver/Src/stm32f4xx_hal_cortex.o
 .text.__NVIC_GetPriorityGrouping
                0x08002d14       0x1c ./Drivers/STM32F4xx_HAL_Driver/Src/stm32f4xx_hal_cortex.o
 .text.__NVIC_EnableIRQ
                0x08002d30       0x3c ./Drivers/STM32F4xx_HAL_Driver/Src/stm32f4xx_hal_cortex.o
 .text.__NVIC_SetPriority
                0x08002d6c       0x54 ./Drivers/STM32F4xx_HAL_Driver/Src/stm32f4xx_hal_cortex.o
 .text.NVIC_EncodePriority
                0x08002dc0       0x66 ./Drivers/STM32F4xx_HAL_Driver/Src/stm32f4xx_hal_cortex.o
 .text.HAL_NVIC_SetPriorityGrouping
                0x08002e26       0x16 ./Drivers/STM32F4xx_HAL_Driver/Src/stm32f4xx_hal_cortex.o
                0x08002e26                HAL_NVIC_SetPriorityGrouping
 .text.HAL_NVIC_SetPriority
                0x08002e3c       0x38 ./Drivers/STM32F4xx_HAL_Driver/Src/stm32f4xx_hal_cortex.o
                0x08002e3c                HAL_NVIC_SetPriority
 .text.HAL_NVIC_EnableIRQ
                0x08002e74       0x1c ./Drivers/STM32F4xx_HAL_Driver/Src/stm32f4xx_hal_cortex.o
                0x08002e74                HAL_NVIC_EnableIRQ
 .text.HAL_DMA_Init
                0x08002e90      0x15c ./Drivers/STM32F4xx_HAL_Driver/Src/stm32f4xx_hal_dma.o
                0x08002e90                HAL_DMA_Init
 .text.HAL_DMA_Abort
                0x08002fec       0xe0 ./Drivers/STM32F4xx_HAL_Driver/Src/stm32f4xx_hal_dma.o
                0x08002fec                HAL_DMA_Abort
 .text.HAL_DMA_Abort_IT
                0x080030cc       0x44 ./Drivers/STM32F4xx_HAL_Driver/Src/stm32f4xx_hal_dma.o
                0x080030cc                HAL_DMA_Abort_IT
 .text.HAL_DMA_IRQHandler
                0x08003110      0x314 ./Drivers/STM32F4xx_HAL_Driver/Src/stm32f4xx_hal_dma.o
                0x08003110                HAL_DMA_IRQHandler
 .text.DMA_CalcBaseAndBitshift
                0x08003424       0x6c ./Drivers/STM32F4xx_HAL_Driver/Src/stm32f4xx_hal_dma.o
 .text.DMA_CheckFifoParam
                0x08003490       0xf8 ./Drivers/STM32F4xx_HAL_Driver/Src/stm32f4xx_hal_dma.o
 .text.HAL_GPIO_Init
                0x08003588      0x338 ./Drivers/STM32F4xx_HAL_Driver/Src/stm32f4xx_hal_gpio.o
                0x08003588                HAL_GPIO_Init
 .text.HAL_GPIO_WritePin
                0x080038c0       0x32 ./Drivers/STM32F4xx_HAL_Driver/Src/stm32f4xx_hal_gpio.o
                0x080038c0                HAL_GPIO_WritePin
 *fill*         0x080038f2        0x2 
 .text.HAL_I2C_Init
                0x080038f4      0x288 ./Drivers/STM32F4xx_HAL_Driver/Src/stm32f4xx_hal_i2c.o
                0x080038f4                HAL_I2C_Init
 .text.HAL_PCD_Init
                0x08003b7c      0x21e ./Drivers/STM32F4xx_HAL_Driver/Src/stm32f4xx_hal_pcd.o
                0x08003b7c                HAL_PCD_Init
 .text.HAL_PCD_Start
                0x08003d9a       0x6a ./Drivers/STM32F4xx_HAL_Driver/Src/stm32f4xx_hal_pcd.o
                0x08003d9a                HAL_PCD_Start
 .text.HAL_PCD_IRQHandler
                0x08003e04      0x942 ./Drivers/STM32F4xx_HAL_Driver/Src/stm32f4xx_hal_pcd.o
                0x08003e04                HAL_PCD_IRQHandler
 .text.HAL_PCD_SetAddress
                0x08004746       0x48 ./Drivers/STM32F4xx_HAL_Driver/Src/stm32f4xx_hal_pcd.o
                0x08004746                HAL_PCD_SetAddress
 .text.HAL_PCD_EP_Open
                0x0800478e       0xd0 ./Drivers/STM32F4xx_HAL_Driver/Src/stm32f4xx_hal_pcd.o
                0x0800478e                HAL_PCD_EP_Open
 .text.HAL_PCD_EP_Close
                0x0800485e       0x94 ./Drivers/STM32F4xx_HAL_Driver/Src/stm32f4xx_hal_pcd.o
                0x0800485e                HAL_PCD_EP_Close
 .text.HAL_PCD_EP_Receive
                0x080048f2       0x76 ./Drivers/STM32F4xx_HAL_Driver/Src/stm32f4xx_hal_pcd.o
                0x080048f2                HAL_PCD_EP_Receive
 .text.HAL_PCD_EP_GetRxCount
                0x08004968       0x30 ./Drivers/STM32F4xx_HAL_Driver/Src/stm32f4xx_hal_pcd.o
                0x08004968                HAL_PCD_EP_GetRxCount
 .text.HAL_PCD_EP_Transmit
                0x08004998       0x74 ./Drivers/STM32F4xx_HAL_Driver/Src/stm32f4xx_hal_pcd.o
                0x08004998                HAL_PCD_EP_Transmit
 .text.HAL_PCD_EP_SetStall
                0x08004a0c       0xc6 ./Drivers/STM32F4xx_HAL_Driver/Src/stm32f4xx_hal_pcd.o
                0x08004a0c                HAL_PCD_EP_SetStall
 .text.HAL_PCD_EP_ClrStall
                0x08004ad2       0xac ./Drivers/STM32F4xx_HAL_Driver/Src/stm32f4xx_hal_pcd.o
                0x08004ad2                HAL_PCD_EP_ClrStall
 .text.HAL_PCD_EP_Abort
                0x08004b7e       0x62 ./Drivers/STM32F4xx_HAL_Driver/Src/stm32f4xx_hal_pcd.o
                0x08004b7e                HAL_PCD_EP_Abort
 .text.PCD_WriteEmptyTxFifo
                0x08004be0      0x118 ./Drivers/STM32F4xx_HAL_Driver/Src/stm32f4xx_hal_pcd.o
 .text.PCD_EP_OutXfrComplete_int
                0x08004cf8      0x1d0 ./Drivers/STM32F4xx_HAL_Driver/Src/stm32f4xx_hal_pcd.o
 .text.PCD_EP_OutSetupPacket_int
                0x08004ec8       0x8c ./Drivers/STM32F4xx_HAL_Driver/Src/stm32f4xx_hal_pcd.o
 .text.HAL_PCDEx_SetTxFiFo
                0x08004f54       0x8e ./Drivers/STM32F4xx_HAL_Driver/Src/stm32f4xx_hal_pcd_ex.o
                0x08004f54                HAL_PCDEx_SetTxFiFo
 .text.HAL_PCDEx_SetRxFiFo
                0x08004fe2       0x22 ./Drivers/STM32F4xx_HAL_Driver/Src/stm32f4xx_hal_pcd_ex.o
                0x08004fe2                HAL_PCDEx_SetRxFiFo
 .text.HAL_PCDEx_LPM_Callback
                0x08005004       0x18 ./Drivers/STM32F4xx_HAL_Driver/Src/stm32f4xx_hal_pcd_ex.o
                0x08005004                HAL_PCDEx_LPM_Callback
 .text.HAL_RCC_OscConfig
                0x0800501c      0x4f0 ./Drivers/STM32F4xx_HAL_Driver/Src/stm32f4xx_hal_rcc.o
                0x0800501c                HAL_RCC_OscConfig
 .text.HAL_RCC_ClockConfig
                0x0800550c      0x1cc ./Drivers/STM32F4xx_HAL_Driver/Src/stm32f4xx_hal_rcc.o
                0x0800550c                HAL_RCC_ClockConfig
 .text.HAL_RCC_GetSysClockFreq
                0x080056d8      0x20c ./Drivers/STM32F4xx_HAL_Driver/Src/stm32f4xx_hal_rcc.o
                0x080056d8                HAL_RCC_GetSysClockFreq
 .text.HAL_RCC_GetHCLKFreq
                0x080058e4       0x18 ./Drivers/STM32F4xx_HAL_Driver/Src/stm32f4xx_hal_rcc.o
                0x080058e4                HAL_RCC_GetHCLKFreq
 .text.HAL_RCC_GetPCLK1Freq
                0x080058fc       0x28 ./Drivers/STM32F4xx_HAL_Driver/Src/stm32f4xx_hal_rcc.o
                0x080058fc                HAL_RCC_GetPCLK1Freq
 .text.HAL_RCC_GetPCLK2Freq
                0x08005924       0x28 ./Drivers/STM32F4xx_HAL_Driver/Src/stm32f4xx_hal_rcc.o
                0x08005924                HAL_RCC_GetPCLK2Freq
 .text.HAL_RCC_GetClockConfig
                0x0800594c       0x64 ./Drivers/STM32F4xx_HAL_Driver/Src/stm32f4xx_hal_rcc.o
                0x0800594c                HAL_RCC_GetClockConfig
 .text.HAL_SPI_Init
                0x080059b0      0x112 ./Drivers/STM32F4xx_HAL_Driver/Src/stm32f4xx_hal_spi.o
                0x080059b0                HAL_SPI_Init
 *fill*         0x08005ac2        0x2 
 .text.HAL_SPI_IRQHandler
                0x08005ac4      0x1e8 ./Drivers/STM32F4xx_HAL_Driver/Src/stm32f4xx_hal_spi.o
                0x08005ac4                HAL_SPI_IRQHandler
 .text.HAL_SPI_ErrorCallback
                0x08005cac       0x14 ./Drivers/STM32F4xx_HAL_Driver/Src/stm32f4xx_hal_spi.o
                0x08005cac                HAL_SPI_ErrorCallback
 .text.SPI_DMAAbortOnError
                0x08005cc0       0x28 ./Drivers/STM32F4xx_HAL_Driver/Src/stm32f4xx_hal_spi.o
 .text.HAL_TIM_Base_Init
                0x08005ce8       0x9e ./Drivers/STM32F4xx_HAL_Driver/Src/stm32f4xx_hal_tim.o
                0x08005ce8                HAL_TIM_Base_Init
 *fill*         0x08005d86        0x2 
 .text.HAL_TIM_Base_Start_IT
                0x08005d88       0xe0 ./Drivers/STM32F4xx_HAL_Driver/Src/stm32f4xx_hal_tim.o
                0x08005d88                HAL_TIM_Base_Start_IT
 .text.HAL_TIM_Encoder_Init
                0x08005e68      0x14c ./Drivers/STM32F4xx_HAL_Driver/Src/stm32f4xx_hal_tim.o
                0x08005e68                HAL_TIM_Encoder_Init
 .text.HAL_TIM_IRQHandler
                0x08005fb4      0x1e0 ./Drivers/STM32F4xx_HAL_Driver/Src/stm32f4xx_hal_tim.o
                0x08005fb4                HAL_TIM_IRQHandler
 .text.HAL_TIM_OC_DelayElapsedCallback
                0x08006194       0x14 ./Drivers/STM32F4xx_HAL_Driver/Src/stm32f4xx_hal_tim.o
                0x08006194                HAL_TIM_OC_DelayElapsedCallback
 .text.HAL_TIM_IC_CaptureCallback
                0x080061a8       0x14 ./Drivers/STM32F4xx_HAL_Driver/Src/stm32f4xx_hal_tim.o
                0x080061a8                HAL_TIM_IC_CaptureCallback
 .text.HAL_TIM_PWM_PulseFinishedCallback
                0x080061bc       0x14 ./Drivers/STM32F4xx_HAL_Driver/Src/stm32f4xx_hal_tim.o
                0x080061bc                HAL_TIM_PWM_PulseFinishedCallback
 .text.HAL_TIM_TriggerCallback
                0x080061d0       0x14 ./Drivers/STM32F4xx_HAL_Driver/Src/stm32f4xx_hal_tim.o
                0x080061d0                HAL_TIM_TriggerCallback
 .text.TIM_Base_SetConfig
                0x080061e4      0x158 ./Drivers/STM32F4xx_HAL_Driver/Src/stm32f4xx_hal_tim.o
                0x080061e4                TIM_Base_SetConfig
 .text.HAL_TIMEx_MasterConfigSynchronization
                0x0800633c       0xf8 ./Drivers/STM32F4xx_HAL_Driver/Src/stm32f4xx_hal_tim_ex.o
                0x0800633c                HAL_TIMEx_MasterConfigSynchronization
 .text.HAL_TIMEx_CommutCallback
                0x08006434       0x14 ./Drivers/STM32F4xx_HAL_Driver/Src/stm32f4xx_hal_tim_ex.o
                0x08006434                HAL_TIMEx_CommutCallback
 .text.HAL_TIMEx_BreakCallback
                0x08006448       0x14 ./Drivers/STM32F4xx_HAL_Driver/Src/stm32f4xx_hal_tim_ex.o
                0x08006448                HAL_TIMEx_BreakCallback
 .text.HAL_UART_Init
                0x0800645c       0xa0 ./Drivers/STM32F4xx_HAL_Driver/Src/stm32f4xx_hal_uart.o
                0x0800645c                HAL_UART_Init
 .text.HAL_UART_IRQHandler
                0x080064fc      0x524 ./Drivers/STM32F4xx_HAL_Driver/Src/stm32f4xx_hal_uart.o
                0x080064fc                HAL_UART_IRQHandler
 .text.HAL_UART_TxCpltCallback
                0x08006a20       0x14 ./Drivers/STM32F4xx_HAL_Driver/Src/stm32f4xx_hal_uart.o
                0x08006a20                HAL_UART_TxCpltCallback
 .text.HAL_UART_RxCpltCallback
                0x08006a34       0x14 ./Drivers/STM32F4xx_HAL_Driver/Src/stm32f4xx_hal_uart.o
                0x08006a34                HAL_UART_RxCpltCallback
 .text.HAL_UART_ErrorCallback
                0x08006a48       0x14 ./Drivers/STM32F4xx_HAL_Driver/Src/stm32f4xx_hal_uart.o
                0x08006a48                HAL_UART_ErrorCallback
 .text.HAL_UARTEx_RxEventCallback
                0x08006a5c       0x18 ./Drivers/STM32F4xx_HAL_Driver/Src/stm32f4xx_hal_uart.o
                0x08006a5c                HAL_UARTEx_RxEventCallback
 .text.UART_EndRxTransfer
                0x08006a74       0xc6 ./Drivers/STM32F4xx_HAL_Driver/Src/stm32f4xx_hal_uart.o
 .text.UART_DMAAbortOnError
                0x08006b3a       0x28 ./Drivers/STM32F4xx_HAL_Driver/Src/stm32f4xx_hal_uart.o
 .text.UART_Transmit_IT
                0x08006b62       0xa0 ./Drivers/STM32F4xx_HAL_Driver/Src/stm32f4xx_hal_uart.o
 .text.UART_EndTransmit_IT
                0x08006c02       0x30 ./Drivers/STM32F4xx_HAL_Driver/Src/stm32f4xx_hal_uart.o
 .text.UART_Receive_IT
                0x08006c32      0x17c ./Drivers/STM32F4xx_HAL_Driver/Src/stm32f4xx_hal_uart.o
 *fill*         0x08006dae        0x2 
 .text.UART_SetConfig
                0x08006db0      0x4e8 ./Drivers/STM32F4xx_HAL_Driver/Src/stm32f4xx_hal_uart.o
 .text.USB_CoreInit
                0x08007298       0xc8 ./Drivers/STM32F4xx_HAL_Driver/Src/stm32f4xx_ll_usb.o
                0x08007298                USB_CoreInit
 .text.USB_SetTurnaroundTime
                0x08007360      0x144 ./Drivers/STM32F4xx_HAL_Driver/Src/stm32f4xx_ll_usb.o
                0x08007360                USB_SetTurnaroundTime
 .text.USB_EnableGlobalInt
                0x080074a4       0x22 ./Drivers/STM32F4xx_HAL_Driver/Src/stm32f4xx_ll_usb.o
                0x080074a4                USB_EnableGlobalInt
 .text.USB_DisableGlobalInt
                0x080074c6       0x22 ./Drivers/STM32F4xx_HAL_Driver/Src/stm32f4xx_ll_usb.o
                0x080074c6                USB_DisableGlobalInt
 .text.USB_SetCurrentMode
                0x080074e8       0x98 ./Drivers/STM32F4xx_HAL_Driver/Src/stm32f4xx_ll_usb.o
                0x080074e8                USB_SetCurrentMode
 .text.USB_DevInit
                0x08007580      0x2c8 ./Drivers/STM32F4xx_HAL_Driver/Src/stm32f4xx_ll_usb.o
                0x08007580                USB_DevInit
 .text.USB_FlushTxFifo
                0x08007848       0x64 ./Drivers/STM32F4xx_HAL_Driver/Src/stm32f4xx_ll_usb.o
                0x08007848                USB_FlushTxFifo
 .text.USB_FlushRxFifo
                0x080078ac       0x5c ./Drivers/STM32F4xx_HAL_Driver/Src/stm32f4xx_ll_usb.o
                0x080078ac                USB_FlushRxFifo
 .text.USB_SetDevSpeed
                0x08007908       0x32 ./Drivers/STM32F4xx_HAL_Driver/Src/stm32f4xx_ll_usb.o
                0x08007908                USB_SetDevSpeed
 .text.USB_GetDevSpeed
                0x0800793a       0x4a ./Drivers/STM32F4xx_HAL_Driver/Src/stm32f4xx_ll_usb.o
                0x0800793a                USB_GetDevSpeed
 .text.USB_ActivateEndpoint
                0x08007984      0x10e ./Drivers/STM32F4xx_HAL_Driver/Src/stm32f4xx_ll_usb.o
                0x08007984                USB_ActivateEndpoint
 *fill*         0x08007a92        0x2 
 .text.USB_DeactivateEndpoint
                0x08007a94      0x1b8 ./Drivers/STM32F4xx_HAL_Driver/Src/stm32f4xx_ll_usb.o
                0x08007a94                USB_DeactivateEndpoint
 .text.USB_EPStartXfer
                0x08007c4c      0x530 ./Drivers/STM32F4xx_HAL_Driver/Src/stm32f4xx_ll_usb.o
                0x08007c4c                USB_EPStartXfer
 .text.USB_EPStopXfer
                0x0800817c      0x154 ./Drivers/STM32F4xx_HAL_Driver/Src/stm32f4xx_ll_usb.o
                0x0800817c                USB_EPStopXfer
 .text.USB_WritePacket
                0x080082d0       0x7c ./Drivers/STM32F4xx_HAL_Driver/Src/stm32f4xx_ll_usb.o
                0x080082d0                USB_WritePacket
 .text.USB_ReadPacket
                0x0800834c       0xb0 ./Drivers/STM32F4xx_HAL_Driver/Src/stm32f4xx_ll_usb.o
                0x0800834c                USB_ReadPacket
 .text.USB_EPSetStall
                0x080083fc       0xdc ./Drivers/STM32F4xx_HAL_Driver/Src/stm32f4xx_ll_usb.o
                0x080083fc                USB_EPSetStall
 .text.USB_EPClearStall
                0x080084d8       0xcc ./Drivers/STM32F4xx_HAL_Driver/Src/stm32f4xx_ll_usb.o
                0x080084d8                USB_EPClearStall
 .text.USB_SetDevAddress
                0x080085a4       0x4c ./Drivers/STM32F4xx_HAL_Driver/Src/stm32f4xx_ll_usb.o
                0x080085a4                USB_SetDevAddress
 .text.USB_DevConnect
                0x080085f0       0x42 ./Drivers/STM32F4xx_HAL_Driver/Src/stm32f4xx_ll_usb.o
                0x080085f0                USB_DevConnect
 .text.USB_DevDisconnect
                0x08008632       0x42 ./Drivers/STM32F4xx_HAL_Driver/Src/stm32f4xx_ll_usb.o
                0x08008632                USB_DevDisconnect
 .text.USB_ReadInterrupts
                0x08008674       0x26 ./Drivers/STM32F4xx_HAL_Driver/Src/stm32f4xx_ll_usb.o
                0x08008674                USB_ReadInterrupts
 .text.USB_ReadDevAllOutEpInterrupt
                0x0800869a       0x34 ./Drivers/STM32F4xx_HAL_Driver/Src/stm32f4xx_ll_usb.o
                0x0800869a                USB_ReadDevAllOutEpInterrupt
 .text.USB_ReadDevAllInEpInterrupt
                0x080086ce       0x34 ./Drivers/STM32F4xx_HAL_Driver/Src/stm32f4xx_ll_usb.o
                0x080086ce                USB_ReadDevAllInEpInterrupt
 .text.USB_ReadDevOutEPInterrupt
                0x08008702       0x3c ./Drivers/STM32F4xx_HAL_Driver/Src/stm32f4xx_ll_usb.o
                0x08008702                USB_ReadDevOutEPInterrupt
 .text.USB_ReadDevInEPInterrupt
                0x0800873e       0x5c ./Drivers/STM32F4xx_HAL_Driver/Src/stm32f4xx_ll_usb.o
                0x0800873e                USB_ReadDevInEPInterrupt
 .text.USB_GetMode
                0x0800879a       0x1c ./Drivers/STM32F4xx_HAL_Driver/Src/stm32f4xx_ll_usb.o
                0x0800879a                USB_GetMode
 .text.USB_ActivateSetup
                0x080087b6       0x46 ./Drivers/STM32F4xx_HAL_Driver/Src/stm32f4xx_ll_usb.o
                0x080087b6                USB_ActivateSetup
 .text.USB_EP0_OutStart
                0x080087fc       0xbc ./Drivers/STM32F4xx_HAL_Driver/Src/stm32f4xx_ll_usb.o
                0x080087fc                USB_EP0_OutStart
 .text.USB_CoreReset
                0x080088b8       0x62 ./Drivers/STM32F4xx_HAL_Driver/Src/stm32f4xx_ll_usb.o
 *fill*         0x0800891a        0x2 
 .text.USBD_CDC_Init
                0x0800891c      0x1f0 ./Middlewares/ST/STM32_USB_Device_Library/Class/CDC/Src/usbd_cdc.o
 .text.USBD_CDC_DeInit
                0x08008b0c      0x104 ./Middlewares/ST/STM32_USB_Device_Library/Class/CDC/Src/usbd_cdc.o
 .text.USBD_CDC_Setup
                0x08008c10      0x1b8 ./Middlewares/ST/STM32_USB_Device_Library/Class/CDC/Src/usbd_cdc.o
 .text.USBD_CDC_DataIn
                0x08008dc8       0xfe ./Middlewares/ST/STM32_USB_Device_Library/Class/CDC/Src/usbd_cdc.o
 .text.USBD_CDC_DataOut
                0x08008ec6       0x70 ./Middlewares/ST/STM32_USB_Device_Library/Class/CDC/Src/usbd_cdc.o
 .text.USBD_CDC_EP0_RxReady
                0x08008f36       0x74 ./Middlewares/ST/STM32_USB_Device_Library/Class/CDC/Src/usbd_cdc.o
 *fill*         0x08008faa        0x2 
 .text.USBD_CDC_GetFSCfgDesc
                0x08008fac       0x70 ./Middlewares/ST/STM32_USB_Device_Library/Class/CDC/Src/usbd_cdc.o
 .text.USBD_CDC_GetHSCfgDesc
                0x0800901c       0x70 ./Middlewares/ST/STM32_USB_Device_Library/Class/CDC/Src/usbd_cdc.o
 .text.USBD_CDC_GetOtherSpeedCfgDesc
                0x0800908c       0x70 ./Middlewares/ST/STM32_USB_Device_Library/Class/CDC/Src/usbd_cdc.o
 .text.USBD_CDC_GetDeviceQualifierDescriptor
                0x080090fc       0x20 ./Middlewares/ST/STM32_USB_Device_Library/Class/CDC/Src/usbd_cdc.o
                0x080090fc                USBD_CDC_GetDeviceQualifierDescriptor
 .text.USBD_CDC_RegisterInterface
                0x0800911c       0x34 ./Middlewares/ST/STM32_USB_Device_Library/Class/CDC/Src/usbd_cdc.o
                0x0800911c                USBD_CDC_RegisterInterface
 .text.USBD_CDC_SetTxBuffer
                0x08009150       0x44 ./Middlewares/ST/STM32_USB_Device_Library/Class/CDC/Src/usbd_cdc.o
                0x08009150                USBD_CDC_SetTxBuffer
 .text.USBD_CDC_SetRxBuffer
                0x08009194       0x3a ./Middlewares/ST/STM32_USB_Device_Library/Class/CDC/Src/usbd_cdc.o
                0x08009194                USBD_CDC_SetRxBuffer
 *fill*         0x080091ce        0x2 
 .text.USBD_CDC_ReceivePacket
                0x080091d0       0x6c ./Middlewares/ST/STM32_USB_Device_Library/Class/CDC/Src/usbd_cdc.o
                0x080091d0                USBD_CDC_ReceivePacket
 .text.USBD_Init
                0x0800923c       0x60 ./Middlewares/ST/STM32_USB_Device_Library/Core/Src/usbd_core.o
                0x0800923c                USBD_Init
 .text.USBD_RegisterClass
                0x0800929c       0x6c ./Middlewares/ST/STM32_USB_Device_Library/Core/Src/usbd_core.o
                0x0800929c                USBD_RegisterClass
 .text.USBD_Start
                0x08009308       0x18 ./Middlewares/ST/STM32_USB_Device_Library/Core/Src/usbd_core.o
                0x08009308                USBD_Start
 .text.USBD_RunTestMode
                0x08009320       0x16 ./Middlewares/ST/STM32_USB_Device_Library/Core/Src/usbd_core.o
                0x08009320                USBD_RunTestMode
 .text.USBD_SetClassConfig
                0x08009336       0x38 ./Middlewares/ST/STM32_USB_Device_Library/Core/Src/usbd_core.o
                0x08009336                USBD_SetClassConfig
 .text.USBD_ClrClassConfig
                0x0800936e       0x34 ./Middlewares/ST/STM32_USB_Device_Library/Core/Src/usbd_core.o
                0x0800936e                USBD_ClrClassConfig
 .text.USBD_LL_SetupStage
                0x080093a2       0xaa ./Middlewares/ST/STM32_USB_Device_Library/Core/Src/usbd_core.o
                0x080093a2                USBD_LL_SetupStage
 .text.USBD_LL_DataOutStage
                0x0800944c      0x166 ./Middlewares/ST/STM32_USB_Device_Library/Core/Src/usbd_core.o
                0x0800944c                USBD_LL_DataOutStage
 .text.USBD_LL_DataInStage
                0x080095b2      0x164 ./Middlewares/ST/STM32_USB_Device_Library/Core/Src/usbd_core.o
                0x080095b2                USBD_LL_DataInStage
 .text.USBD_LL_Reset
                0x08009716       0xa4 ./Middlewares/ST/STM32_USB_Device_Library/Core/Src/usbd_core.o
                0x08009716                USBD_LL_Reset
 .text.USBD_LL_SetSpeed
                0x080097ba       0x20 ./Middlewares/ST/STM32_USB_Device_Library/Core/Src/usbd_core.o
                0x080097ba                USBD_LL_SetSpeed
 .text.USBD_LL_Suspend
                0x080097da       0x38 ./Middlewares/ST/STM32_USB_Device_Library/Core/Src/usbd_core.o
                0x080097da                USBD_LL_Suspend
 .text.USBD_LL_Resume
                0x08009812       0x30 ./Middlewares/ST/STM32_USB_Device_Library/Core/Src/usbd_core.o
                0x08009812                USBD_LL_Resume
 .text.USBD_LL_SOF
                0x08009842       0x40 ./Middlewares/ST/STM32_USB_Device_Library/Core/Src/usbd_core.o
                0x08009842                USBD_LL_SOF
 .text.USBD_LL_IsoINIncomplete
                0x08009882       0x64 ./Middlewares/ST/STM32_USB_Device_Library/Core/Src/usbd_core.o
                0x08009882                USBD_LL_IsoINIncomplete
 .text.USBD_LL_IsoOUTIncomplete
                0x080098e6       0x64 ./Middlewares/ST/STM32_USB_Device_Library/Core/Src/usbd_core.o
                0x080098e6                USBD_LL_IsoOUTIncomplete
 .text.USBD_LL_DevConnected
                0x0800994a       0x16 ./Middlewares/ST/STM32_USB_Device_Library/Core/Src/usbd_core.o
                0x0800994a                USBD_LL_DevConnected
 .text.USBD_LL_DevDisconnected
                0x08009960       0x46 ./Middlewares/ST/STM32_USB_Device_Library/Core/Src/usbd_core.o
                0x08009960                USBD_LL_DevDisconnected
 .text.USBD_CoreFindIF
                0x080099a6       0x1a ./Middlewares/ST/STM32_USB_Device_Library/Core/Src/usbd_core.o
                0x080099a6                USBD_CoreFindIF
 .text.USBD_CoreFindEP
                0x080099c0       0x1a ./Middlewares/ST/STM32_USB_Device_Library/Core/Src/usbd_core.o
                0x080099c0                USBD_CoreFindEP
 .text.USBD_GetEpDesc
                0x080099da       0x70 ./Middlewares/ST/STM32_USB_Device_Library/Core/Src/usbd_core.o
                0x080099da                USBD_GetEpDesc
 .text.USBD_GetNextDesc
                0x08009a4a       0x38 ./Middlewares/ST/STM32_USB_Device_Library/Core/Src/usbd_core.o
                0x08009a4a                USBD_GetNextDesc
 .text.SWAPBYTE
                0x08009a82       0x3c ./Middlewares/ST/STM32_USB_Device_Library/Core/Src/usbd_ctlreq.o
 *fill*         0x08009abe        0x2 
 .text.USBD_StdDevReq
                0x08009ac0       0xe4 ./Middlewares/ST/STM32_USB_Device_Library/Core/Src/usbd_ctlreq.o
                0x08009ac0                USBD_StdDevReq
 .text.USBD_StdItfReq
                0x08009ba4       0xd8 ./Middlewares/ST/STM32_USB_Device_Library/Core/Src/usbd_ctlreq.o
                0x08009ba4                USBD_StdItfReq
 .text.USBD_StdEPReq
                0x08009c7c      0x33a ./Middlewares/ST/STM32_USB_Device_Library/Core/Src/usbd_ctlreq.o
                0x08009c7c                USBD_StdEPReq
 *fill*         0x08009fb6        0x2 
 .text.USBD_GetDescriptor
                0x08009fb8      0x2d4 ./Middlewares/ST/STM32_USB_Device_Library/Core/Src/usbd_ctlreq.o
 .text.USBD_SetAddress
                0x0800a28c       0x88 ./Middlewares/ST/STM32_USB_Device_Library/Core/Src/usbd_ctlreq.o
 .text.USBD_SetConfig
                0x0800a314      0x154 ./Middlewares/ST/STM32_USB_Device_Library/Core/Src/usbd_ctlreq.o
 .text.USBD_GetConfig
                0x0800a468       0x6c ./Middlewares/ST/STM32_USB_Device_Library/Core/Src/usbd_ctlreq.o
 .text.USBD_GetStatus
                0x0800a4d4       0x68 ./Middlewares/ST/STM32_USB_Device_Library/Core/Src/usbd_ctlreq.o
 .text.USBD_SetFeature
                0x0800a53c       0x52 ./Middlewares/ST/STM32_USB_Device_Library/Core/Src/usbd_ctlreq.o
 .text.USBD_ClrFeature
                0x0800a58e       0x44 ./Middlewares/ST/STM32_USB_Device_Library/Core/Src/usbd_ctlreq.o
 .text.USBD_ParseSetupRequest
                0x0800a5d2       0x74 ./Middlewares/ST/STM32_USB_Device_Library/Core/Src/usbd_ctlreq.o
                0x0800a5d2                USBD_ParseSetupRequest
 .text.USBD_CtlError
                0x0800a646       0x22 ./Middlewares/ST/STM32_USB_Device_Library/Core/Src/usbd_ctlreq.o
                0x0800a646                USBD_CtlError
 .text.USBD_GetString
                0x0800a668       0x8c ./Middlewares/ST/STM32_USB_Device_Library/Core/Src/usbd_ctlreq.o
                0x0800a668                USBD_GetString
 .text.USBD_GetLen
                0x0800a6f4       0x34 ./Middlewares/ST/STM32_USB_Device_Library/Core/Src/usbd_ctlreq.o
 .text.USBD_CtlSendData
                0x0800a728       0x36 ./Middlewares/ST/STM32_USB_Device_Library/Core/Src/usbd_ioreq.o
                0x0800a728                USBD_CtlSendData
 .text.USBD_CtlContinueSendData
                0x0800a75e       0x22 ./Middlewares/ST/STM32_USB_Device_Library/Core/Src/usbd_ioreq.o
                0x0800a75e                USBD_CtlContinueSendData
 .text.USBD_CtlPrepareRx
                0x0800a780       0x3a ./Middlewares/ST/STM32_USB_Device_Library/Core/Src/usbd_ioreq.o
                0x0800a780                USBD_CtlPrepareRx
 .text.USBD_CtlContinueRx
                0x0800a7ba       0x22 ./Middlewares/ST/STM32_USB_Device_Library/Core/Src/usbd_ioreq.o
                0x0800a7ba                USBD_CtlContinueRx
 .text.USBD_CtlSendStatus
                0x0800a7dc       0x26 ./Middlewares/ST/STM32_USB_Device_Library/Core/Src/usbd_ioreq.o
                0x0800a7dc                USBD_CtlSendStatus
 .text.USBD_CtlReceiveStatus
                0x0800a802       0x26 ./Middlewares/ST/STM32_USB_Device_Library/Core/Src/usbd_ioreq.o
                0x0800a802                USBD_CtlReceiveStatus
 .text.__NVIC_SetPriority
                0x0800a828       0x54 ./Middlewares/Third_Party/FreeRTOS/Source/CMSIS_RTOS_V2/cmsis_os2.o
 .text.SysTick_Handler
                0x0800a87c       0x20 ./Middlewares/Third_Party/FreeRTOS/Source/CMSIS_RTOS_V2/cmsis_os2.o
                0x0800a87c                SysTick_Handler
 .text.SVC_Setup
                0x0800a89c       0x12 ./Middlewares/Third_Party/FreeRTOS/Source/CMSIS_RTOS_V2/cmsis_os2.o
 *fill*         0x0800a8ae        0x2 
 .text.osKernelInitialize
                0x0800a8b0       0x48 ./Middlewares/Third_Party/FreeRTOS/Source/CMSIS_RTOS_V2/cmsis_os2.o
                0x0800a8b0                osKernelInitialize
 .text.osKernelStart
                0x0800a8f8       0x4c ./Middlewares/Third_Party/FreeRTOS/Source/CMSIS_RTOS_V2/cmsis_os2.o
                0x0800a8f8                osKernelStart
 .text.osThreadNew
                0x0800a944      0x124 ./Middlewares/Third_Party/FreeRTOS/Source/CMSIS_RTOS_V2/cmsis_os2.o
                0x0800a944                osThreadNew
 .text.osDelay  0x0800aa68       0x36 ./Middlewares/Third_Party/FreeRTOS/Source/CMSIS_RTOS_V2/cmsis_os2.o
                0x0800aa68                osDelay
 *fill*         0x0800aa9e        0x2 
 .text.vApplicationGetIdleTaskMemory
                0x0800aaa0       0x34 ./Middlewares/Third_Party/FreeRTOS/Source/CMSIS_RTOS_V2/cmsis_os2.o
                0x0800aaa0                vApplicationGetIdleTaskMemory
 .text.vApplicationGetTimerTaskMemory
                0x0800aad4       0x34 ./Middlewares/Third_Party/FreeRTOS/Source/CMSIS_RTOS_V2/cmsis_os2.o
                0x0800aad4                vApplicationGetTimerTaskMemory
 .text.vListInitialise
                0x0800ab08       0x40 ./Middlewares/Third_Party/FreeRTOS/Source/list.o
                0x0800ab08                vListInitialise
 .text.vListInitialiseItem
                0x0800ab48       0x1a ./Middlewares/Third_Party/FreeRTOS/Source/list.o
                0x0800ab48                vListInitialiseItem
 .text.vListInsertEnd
                0x0800ab62       0x48 ./Middlewares/Third_Party/FreeRTOS/Source/list.o
                0x0800ab62                vListInsertEnd
 .text.vListInsert
                0x0800abaa       0x72 ./Middlewares/Third_Party/FreeRTOS/Source/list.o
                0x0800abaa                vListInsert
 .text.uxListRemove
                0x0800ac1c       0x54 ./Middlewares/Third_Party/FreeRTOS/Source/list.o
                0x0800ac1c                uxListRemove
 .text.xQueueGenericReset
                0x0800ac70       0xd4 ./Middlewares/Third_Party/FreeRTOS/Source/queue.o
                0x0800ac70                xQueueGenericReset
 .text.xQueueGenericCreateStatic
                0x0800ad44       0xfa ./Middlewares/Third_Party/FreeRTOS/Source/queue.o
                0x0800ad44                xQueueGenericCreateStatic
 .text.prvInitialiseNewQueue
                0x0800ae3e       0x46 ./Middlewares/Third_Party/FreeRTOS/Source/queue.o
 .text.xQueueGenericSend
                0x0800ae84      0x204 ./Middlewares/Third_Party/FreeRTOS/Source/queue.o
                0x0800ae84                xQueueGenericSend
 .text.xQueueGenericSendFromISR
                0x0800b088      0x13c ./Middlewares/Third_Party/FreeRTOS/Source/queue.o
                0x0800b088                xQueueGenericSendFromISR
 .text.xQueueReceive
                0x0800b1c4      0x1c4 ./Middlewares/Third_Party/FreeRTOS/Source/queue.o
                0x0800b1c4                xQueueReceive
 .text.prvCopyDataToQueue
                0x0800b388       0xd4 ./Middlewares/Third_Party/FreeRTOS/Source/queue.o
 .text.prvCopyDataFromQueue
                0x0800b45c       0x4c ./Middlewares/Third_Party/FreeRTOS/Source/queue.o
 .text.prvUnlockQueue
                0x0800b4a8       0xa4 ./Middlewares/Third_Party/FreeRTOS/Source/queue.o
 .text.prvIsQueueEmpty
                0x0800b54c       0x2c ./Middlewares/Third_Party/FreeRTOS/Source/queue.o
 .text.prvIsQueueFull
                0x0800b578       0x30 ./Middlewares/Third_Party/FreeRTOS/Source/queue.o
 .text.vQueueAddToRegistry
                0x0800b5a8       0x54 ./Middlewares/Third_Party/FreeRTOS/Source/queue.o
                0x0800b5a8                vQueueAddToRegistry
 .text.vQueueWaitForMessageRestricted
                0x0800b5fc       0x68 ./Middlewares/Third_Party/FreeRTOS/Source/queue.o
                0x0800b5fc                vQueueWaitForMessageRestricted
 .text.xTaskCreateStatic
                0x0800b664       0xc0 ./Middlewares/Third_Party/FreeRTOS/Source/tasks.o
                0x0800b664                xTaskCreateStatic
 .text.xTaskCreate
                0x0800b724       0x8a ./Middlewares/Third_Party/FreeRTOS/Source/tasks.o
                0x0800b724                xTaskCreate
 .text.prvInitialiseNewTask
                0x0800b7ae      0x120 ./Middlewares/Third_Party/FreeRTOS/Source/tasks.o
 *fill*         0x0800b8ce        0x2 
 .text.prvAddNewTaskToReadyList
                0x0800b8d0       0xe0 ./Middlewares/Third_Party/FreeRTOS/Source/tasks.o
 .text.vTaskDelay
                0x0800b9b0       0x6c ./Middlewares/Third_Party/FreeRTOS/Source/tasks.o
                0x0800b9b0                vTaskDelay
 .text.vTaskStartScheduler
                0x0800ba1c       0xd0 ./Middlewares/Third_Party/FreeRTOS/Source/tasks.o
                0x0800ba1c                vTaskStartScheduler
 .text.vTaskSuspendAll
                0x0800baec       0x1c ./Middlewares/Third_Party/FreeRTOS/Source/tasks.o
                0x0800baec                vTaskSuspendAll
 .text.xTaskResumeAll
                0x0800bb08      0x13c ./Middlewares/Third_Party/FreeRTOS/Source/tasks.o
                0x0800bb08                xTaskResumeAll
 .text.xTaskGetTickCount
                0x0800bc44       0x20 ./Middlewares/Third_Party/FreeRTOS/Source/tasks.o
                0x0800bc44                xTaskGetTickCount
 .text.xTaskIncrementTick
                0x0800bc64      0x174 ./Middlewares/Third_Party/FreeRTOS/Source/tasks.o
                0x0800bc64                xTaskIncrementTick
 .text.vTaskSwitchContext
                0x0800bdd8       0xbc ./Middlewares/Third_Party/FreeRTOS/Source/tasks.o
                0x0800bdd8                vTaskSwitchContext
 .text.vTaskPlaceOnEventList
                0x0800be94       0x4c ./Middlewares/Third_Party/FreeRTOS/Source/tasks.o
                0x0800be94                vTaskPlaceOnEventList
 .text.vTaskPlaceOnEventListRestricted
                0x0800bee0       0x58 ./Middlewares/Third_Party/FreeRTOS/Source/tasks.o
                0x0800bee0                vTaskPlaceOnEventListRestricted
 .text.xTaskRemoveFromEventList
                0x0800bf38       0xc8 ./Middlewares/Third_Party/FreeRTOS/Source/tasks.o
                0x0800bf38                xTaskRemoveFromEventList
 .text.vTaskInternalSetTimeOutState
                0x0800c000       0x2c ./Middlewares/Third_Party/FreeRTOS/Source/tasks.o
                0x0800c000                vTaskInternalSetTimeOutState
 .text.xTaskCheckForTimeOut
                0x0800c02c       0xc8 ./Middlewares/Third_Party/FreeRTOS/Source/tasks.o
                0x0800c02c                xTaskCheckForTimeOut
 .text.vTaskMissedYield
                0x0800c0f4       0x18 ./Middlewares/Third_Party/FreeRTOS/Source/tasks.o
                0x0800c0f4                vTaskMissedYield
 .text.prvIdleTask
                0x0800c10c       0x30 ./Middlewares/Third_Party/FreeRTOS/Source/tasks.o
 .text.prvInitialiseTaskLists
                0x0800c13c       0x80 ./Middlewares/Third_Party/FreeRTOS/Source/tasks.o
 .text.prvCheckTasksWaitingTermination
                0x0800c1bc       0x5c ./Middlewares/Third_Party/FreeRTOS/Source/tasks.o
 .text.prvDeleteTCB
                0x0800c218       0x60 ./Middlewares/Third_Party/FreeRTOS/Source/tasks.o
 .text.prvResetNextTaskUnblockTime
                0x0800c278       0x40 ./Middlewares/Third_Party/FreeRTOS/Source/tasks.o
 .text.xTaskGetSchedulerState
                0x0800c2b8       0x3c ./Middlewares/Third_Party/FreeRTOS/Source/tasks.o
                0x0800c2b8                xTaskGetSchedulerState
 .text.xTaskPriorityDisinherit
                0x0800c2f4       0xe0 ./Middlewares/Third_Party/FreeRTOS/Source/tasks.o
                0x0800c2f4                xTaskPriorityDisinherit
 .text.prvAddCurrentTaskToDelayedList
                0x0800c3d4       0xa8 ./Middlewares/Third_Party/FreeRTOS/Source/tasks.o
 .text.xTimerCreateTimerTask
                0x0800c47c       0x94 ./Middlewares/Third_Party/FreeRTOS/Source/timers.o
                0x0800c47c                xTimerCreateTimerTask
 .text.xTimerGenericCommand
                0x0800c510       0x9c ./Middlewares/Third_Party/FreeRTOS/Source/timers.o
                0x0800c510                xTimerGenericCommand
 .text.prvProcessExpiredTimer
                0x0800c5ac       0x9c ./Middlewares/Third_Party/FreeRTOS/Source/timers.o
 .text.prvTimerTask
                0x0800c648       0x26 ./Middlewares/Third_Party/FreeRTOS/Source/timers.o
 *fill*         0x0800c66e        0x2 
 .text.prvProcessTimerOrBlockTask
                0x0800c670       0x9c ./Middlewares/Third_Party/FreeRTOS/Source/timers.o
 .text.prvGetNextExpireTime
                0x0800c70c       0x48 ./Middlewares/Third_Party/FreeRTOS/Source/timers.o
 .text.prvSampleTimeNow
                0x0800c754       0x40 ./Middlewares/Third_Party/FreeRTOS/Source/timers.o
 .text.prvInsertTimerInActiveList
                0x0800c794       0x84 ./Middlewares/Third_Party/FreeRTOS/Source/timers.o
 .text.prvProcessReceivedCommands
                0x0800c818      0x1cc ./Middlewares/Third_Party/FreeRTOS/Source/timers.o
 .text.prvSwitchTimerLists
                0x0800c9e4       0xcc ./Middlewares/Third_Party/FreeRTOS/Source/timers.o
 .text.prvCheckForValidListAndQueue
                0x0800cab0       0x80 ./Middlewares/Third_Party/FreeRTOS/Source/timers.o
 .text.pxPortInitialiseStack
                0x0800cb30       0x68 ./Middlewares/Third_Party/FreeRTOS/Source/portable/GCC/ARM_CM4F/port.o
                0x0800cb30                pxPortInitialiseStack
 .text.prvTaskExitError
                0x0800cb98       0x5c ./Middlewares/Third_Party/FreeRTOS/Source/portable/GCC/ARM_CM4F/port.o
 *fill*         0x0800cbf4        0xc 
 .text.SVC_Handler
                0x0800cc00       0x28 ./Middlewares/Third_Party/FreeRTOS/Source/portable/GCC/ARM_CM4F/port.o
                0x0800cc00                SVC_Handler
 .text.prvPortStartFirstTask
                0x0800cc28       0x28 ./Middlewares/Third_Party/FreeRTOS/Source/portable/GCC/ARM_CM4F/port.o
 .text.xPortStartScheduler
                0x0800cc50      0x148 ./Middlewares/Third_Party/FreeRTOS/Source/portable/GCC/ARM_CM4F/port.o
                0x0800cc50                xPortStartScheduler
 .text.vPortEnterCritical
                0x0800cd98       0x64 ./Middlewares/Third_Party/FreeRTOS/Source/portable/GCC/ARM_CM4F/port.o
                0x0800cd98                vPortEnterCritical
 .text.vPortExitCritical
                0x0800cdfc       0x54 ./Middlewares/Third_Party/FreeRTOS/Source/portable/GCC/ARM_CM4F/port.o
                0x0800cdfc                vPortExitCritical
 .text.PendSV_Handler
                0x0800ce50       0x68 ./Middlewares/Third_Party/FreeRTOS/Source/portable/GCC/ARM_CM4F/port.o
                0x0800ce50                PendSV_Handler
 .text.xPortSysTickHandler
                0x0800ceb8       0x44 ./Middlewares/Third_Party/FreeRTOS/Source/portable/GCC/ARM_CM4F/port.o
                0x0800ceb8                xPortSysTickHandler
 .text.vPortSetupTimerInterrupt
                0x0800cefc       0x48 ./Middlewares/Third_Party/FreeRTOS/Source/portable/GCC/ARM_CM4F/port.o
                0x0800cefc                vPortSetupTimerInterrupt
 .text.vPortEnableVFP
                0x0800cf44       0x14 ./Middlewares/Third_Party/FreeRTOS/Source/portable/GCC/ARM_CM4F/port.o
 .text.vPortValidateInterruptPriority
                0x0800cf58       0x84 ./Middlewares/Third_Party/FreeRTOS/Source/portable/GCC/ARM_CM4F/port.o
                0x0800cf58                vPortValidateInterruptPriority
 .text.pvPortMalloc
                0x0800cfdc      0x19c ./Middlewares/Third_Party/FreeRTOS/Source/portable/MemMang/heap_4.o
                0x0800cfdc                pvPortMalloc
 .text.vPortFree
                0x0800d178       0xc8 ./Middlewares/Third_Party/FreeRTOS/Source/portable/MemMang/heap_4.o
                0x0800d178                vPortFree
 .text.prvHeapInit
                0x0800d240       0xc4 ./Middlewares/Third_Party/FreeRTOS/Source/portable/MemMang/heap_4.o
 .text.prvInsertBlockIntoFreeList
                0x0800d304       0xb4 ./Middlewares/Third_Party/FreeRTOS/Source/portable/MemMang/heap_4.o
 .text.MX_USB_DEVICE_Init
                0x0800d3b8       0x60 ./USB_DEVICE/App/usb_device.o
                0x0800d3b8                MX_USB_DEVICE_Init
 .text.CDC_Init_FS
                0x0800d418       0x28 ./USB_DEVICE/App/usbd_cdc_if.o
 .text.CDC_DeInit_FS
                0x0800d440       0x10 ./USB_DEVICE/App/usbd_cdc_if.o
 .text.CDC_Control_FS
                0x0800d450       0xbc ./USB_DEVICE/App/usbd_cdc_if.o
 .text.CDC_Receive_FS
                0x0800d50c       0x28 ./USB_DEVICE/App/usbd_cdc_if.o
 .text.CDC_TransmitCplt_FS
                0x0800d534       0x22 ./USB_DEVICE/App/usbd_cdc_if.o
 *fill*         0x0800d556        0x2 
 .text.USBD_FS_DeviceDescriptor
                0x0800d558       0x24 ./USB_DEVICE/App/usbd_desc.o
                0x0800d558                USBD_FS_DeviceDescriptor
 .text.USBD_FS_LangIDStrDescriptor
                0x0800d57c       0x24 ./USB_DEVICE/App/usbd_desc.o
                0x0800d57c                USBD_FS_LangIDStrDescriptor
 .text.USBD_FS_ProductStrDescriptor
                0x0800d5a0       0x3c ./USB_DEVICE/App/usbd_desc.o
                0x0800d5a0                USBD_FS_ProductStrDescriptor
 .text.USBD_FS_ManufacturerStrDescriptor
                0x0800d5dc       0x28 ./USB_DEVICE/App/usbd_desc.o
                0x0800d5dc                USBD_FS_ManufacturerStrDescriptor
 .text.USBD_FS_SerialStrDescriptor
                0x0800d604       0x24 ./USB_DEVICE/App/usbd_desc.o
                0x0800d604                USBD_FS_SerialStrDescriptor
 .text.USBD_FS_ConfigStrDescriptor
                0x0800d628       0x3c ./USB_DEVICE/App/usbd_desc.o
                0x0800d628                USBD_FS_ConfigStrDescriptor
 .text.USBD_FS_InterfaceStrDescriptor
                0x0800d664       0x3c ./USB_DEVICE/App/usbd_desc.o
                0x0800d664                USBD_FS_InterfaceStrDescriptor
 .text.Get_SerialNum
                0x0800d6a0       0x38 ./USB_DEVICE/App/usbd_desc.o
 .text.IntToUnicode
                0x0800d6d8       0x7e ./USB_DEVICE/App/usbd_desc.o
 *fill*         0x0800d756        0x2 
 .text.HAL_PCD_MspInit
                0x0800d758       0xa8 ./USB_DEVICE/Target/usbd_conf.o
                0x0800d758                HAL_PCD_MspInit
 .text.HAL_PCD_SetupStageCallback
                0x0800d800       0x24 ./USB_DEVICE/Target/usbd_conf.o
                0x0800d800                HAL_PCD_SetupStageCallback
 .text.HAL_PCD_DataOutStageCallback
                0x0800d824       0x36 ./USB_DEVICE/Target/usbd_conf.o
                0x0800d824                HAL_PCD_DataOutStageCallback
 .text.HAL_PCD_DataInStageCallback
                0x0800d85a       0x34 ./USB_DEVICE/Target/usbd_conf.o
                0x0800d85a                HAL_PCD_DataInStageCallback
 .text.HAL_PCD_SOFCallback
                0x0800d88e       0x1c ./USB_DEVICE/Target/usbd_conf.o
                0x0800d88e                HAL_PCD_SOFCallback
 .text.HAL_PCD_ResetCallback
                0x0800d8aa       0x50 ./USB_DEVICE/Target/usbd_conf.o
                0x0800d8aa                HAL_PCD_ResetCallback
 *fill*         0x0800d8fa        0x2 
 .text.HAL_PCD_SuspendCallback
                0x0800d8fc       0x4c ./USB_DEVICE/Target/usbd_conf.o
                0x0800d8fc                HAL_PCD_SuspendCallback
 .text.HAL_PCD_ResumeCallback
                0x0800d948       0x1c ./USB_DEVICE/Target/usbd_conf.o
                0x0800d948                HAL_PCD_ResumeCallback
 .text.HAL_PCD_ISOOUTIncompleteCallback
                0x0800d964       0x24 ./USB_DEVICE/Target/usbd_conf.o
                0x0800d964                HAL_PCD_ISOOUTIncompleteCallback
 .text.HAL_PCD_ISOINIncompleteCallback
                0x0800d988       0x24 ./USB_DEVICE/Target/usbd_conf.o
                0x0800d988                HAL_PCD_ISOINIncompleteCallback
 .text.HAL_PCD_ConnectCallback
                0x0800d9ac       0x1c ./USB_DEVICE/Target/usbd_conf.o
                0x0800d9ac                HAL_PCD_ConnectCallback
 .text.HAL_PCD_DisconnectCallback
                0x0800d9c8       0x1c ./USB_DEVICE/Target/usbd_conf.o
                0x0800d9c8                HAL_PCD_DisconnectCallback
 .text.USBD_LL_Init
                0x0800d9e4       0x98 ./USB_DEVICE/Target/usbd_conf.o
                0x0800d9e4                USBD_LL_Init
 .text.USBD_LL_Start
                0x0800da7c       0x36 ./USB_DEVICE/Target/usbd_conf.o
                0x0800da7c                USBD_LL_Start
 .text.USBD_LL_OpenEP
                0x0800dab2       0x4c ./USB_DEVICE/Target/usbd_conf.o
                0x0800dab2                USBD_LL_OpenEP
 .text.USBD_LL_CloseEP
                0x0800dafe       0x3e ./USB_DEVICE/Target/usbd_conf.o
                0x0800dafe                USBD_LL_CloseEP
 .text.USBD_LL_StallEP
                0x0800db3c       0x3e ./USB_DEVICE/Target/usbd_conf.o
                0x0800db3c                USBD_LL_StallEP
 .text.USBD_LL_ClearStallEP
                0x0800db7a       0x3e ./USB_DEVICE/Target/usbd_conf.o
                0x0800db7a                USBD_LL_ClearStallEP
 .text.USBD_LL_IsStallEP
                0x0800dbb8       0x58 ./USB_DEVICE/Target/usbd_conf.o
                0x0800dbb8                USBD_LL_IsStallEP
 .text.USBD_LL_SetUSBAddress
                0x0800dc10       0x3e ./USB_DEVICE/Target/usbd_conf.o
                0x0800dc10                USBD_LL_SetUSBAddress
 .text.USBD_LL_Transmit
                0x0800dc4e       0x42 ./USB_DEVICE/Target/usbd_conf.o
                0x0800dc4e                USBD_LL_Transmit
 .text.USBD_LL_PrepareReceive
                0x0800dc90       0x42 ./USB_DEVICE/Target/usbd_conf.o
                0x0800dc90                USBD_LL_PrepareReceive
 .text.USBD_LL_GetRxDataSize
                0x0800dcd2       0x26 ./USB_DEVICE/Target/usbd_conf.o
                0x0800dcd2                USBD_LL_GetRxDataSize
 .text.USBD_static_malloc
                0x0800dcf8       0x1c ./USB_DEVICE/Target/usbd_conf.o
                0x0800dcf8                USBD_static_malloc
 .text.USBD_static_free
                0x0800dd14       0x14 ./USB_DEVICE/Target/usbd_conf.o
                0x0800dd14                USBD_static_free
 .text.USBD_Get_USB_Status
                0x0800dd28       0x58 ./USB_DEVICE/Target/usbd_conf.o
                0x0800dd28                USBD_Get_USB_Status
 .text.memset   0x0800dd80       0x10 /Applications/STM32CubeIDE.app/Contents/Eclipse/plugins/com.st.stm32cube.ide.mcu.externaltools.gnu-tools-for-stm32.12.3.rel1.macos64_1.0.100.202403111906/tools/bin/../lib/gcc/arm-none-eabi/12.3.1/../../../../arm-none-eabi/lib/thumb/v7e-m+fp/hard/libc_nano.a(libc_a-memset.o)
                0x0800dd80                memset
 .text.__libc_init_array
                0x0800dd90       0x48 /Applications/STM32CubeIDE.app/Contents/Eclipse/plugins/com.st.stm32cube.ide.mcu.externaltools.gnu-tools-for-stm32.12.3.rel1.macos64_1.0.100.202403111906/tools/bin/../lib/gcc/arm-none-eabi/12.3.1/../../../../arm-none-eabi/lib/thumb/v7e-m+fp/hard/libc_nano.a(libc_a-init.o)
                0x0800dd90                __libc_init_array
 .text.memcpy   0x0800ddd8       0x1c /Applications/STM32CubeIDE.app/Contents/Eclipse/plugins/com.st.stm32cube.ide.mcu.externaltools.gnu-tools-for-stm32.12.3.rel1.macos64_1.0.100.202403111906/tools/bin/../lib/gcc/arm-none-eabi/12.3.1/../../../../arm-none-eabi/lib/thumb/v7e-m+fp/hard/libc_nano.a(libc_a-memcpy-stub.o)
                0x0800ddd8                memcpy
 *(.glue_7)
 .glue_7        0x0800ddf4        0x0 linker stubs
 *(.glue_7t)
 .glue_7t       0x0800ddf4        0x0 linker stubs
 *(.eh_frame)
 .eh_frame      0x0800ddf4        0x0 /Applications/STM32CubeIDE.app/Contents/Eclipse/plugins/com.st.stm32cube.ide.mcu.externaltools.gnu-tools-for-stm32.12.3.rel1.macos64_1.0.100.202403111906/tools/bin/../lib/gcc/arm-none-eabi/12.3.1/thumb/v7e-m+fp/hard/crtbegin.o
 *(.init)
 .init          0x0800ddf4        0x4 /Applications/STM32CubeIDE.app/Contents/Eclipse/plugins/com.st.stm32cube.ide.mcu.externaltools.gnu-tools-for-stm32.12.3.rel1.macos64_1.0.100.202403111906/tools/bin/../lib/gcc/arm-none-eabi/12.3.1/thumb/v7e-m+fp/hard/crti.o
                0x0800ddf4                _init
 .init          0x0800ddf8        0x8 /Applications/STM32CubeIDE.app/Contents/Eclipse/plugins/com.st.stm32cube.ide.mcu.externaltools.gnu-tools-for-stm32.12.3.rel1.macos64_1.0.100.202403111906/tools/bin/../lib/gcc/arm-none-eabi/12.3.1/thumb/v7e-m+fp/hard/crtn.o
 *(.fini)
 .fini          0x0800de00        0x4 /Applications/STM32CubeIDE.app/Contents/Eclipse/plugins/com.st.stm32cube.ide.mcu.externaltools.gnu-tools-for-stm32.12.3.rel1.macos64_1.0.100.202403111906/tools/bin/../lib/gcc/arm-none-eabi/12.3.1/thumb/v7e-m+fp/hard/crti.o
                0x0800de00                _fini
 .fini          0x0800de04        0x8 /Applications/STM32CubeIDE.app/Contents/Eclipse/plugins/com.st.stm32cube.ide.mcu.externaltools.gnu-tools-for-stm32.12.3.rel1.macos64_1.0.100.202403111906/tools/bin/../lib/gcc/arm-none-eabi/12.3.1/thumb/v7e-m+fp/hard/crtn.o
                0x0800de0c                        . = ALIGN (0x4)
                0x0800de0c                        _etext = .

.vfp11_veneer   0x0800de0c        0x0
 .vfp11_veneer  0x0800de0c        0x0 linker stubs

.v4_bx          0x0800de0c        0x0
 .v4_bx         0x0800de0c        0x0 linker stubs

.iplt           0x0800de0c        0x0
 .iplt          0x0800de0c        0x0 /Applications/STM32CubeIDE.app/Contents/Eclipse/plugins/com.st.stm32cube.ide.mcu.externaltools.gnu-tools-for-stm32.12.3.rel1.macos64_1.0.100.202403111906/tools/bin/../lib/gcc/arm-none-eabi/12.3.1/thumb/v7e-m+fp/hard/crtbegin.o

.rodata         0x0800de0c       0xb0
                0x0800de0c                        . = ALIGN (0x4)
 *(.rodata)
 .rodata        0x0800de0c        0xc ./Core/Src/freertos.o
 .rodata        0x0800de18        0x5 ./Middlewares/Third_Party/FreeRTOS/Source/tasks.o
 *fill*         0x0800de1d        0x3 
 .rodata        0x0800de20        0xd ./Middlewares/Third_Party/FreeRTOS/Source/timers.o
 *fill*         0x0800de2d        0x3 
 .rodata        0x0800de30       0x46 ./USB_DEVICE/App/usbd_desc.o
 *(.rodata*)
 *fill*         0x0800de76        0x2 
 .rodata.defaultTask_attributes
                0x0800de78       0x24 ./Core/Src/freertos.o
                0x0800de78                defaultTask_attributes
 .rodata.AHBPrescTable
                0x0800de9c       0x10 ./Core/Src/system_stm32f4xx.o
                0x0800de9c                AHBPrescTable
 .rodata.APBPrescTable
                0x0800deac        0x8 ./Core/Src/system_stm32f4xx.o
                0x0800deac                APBPrescTable
 .rodata.flagBitshiftOffset.0
                0x0800deb4        0x8 ./Drivers/STM32F4xx_HAL_Driver/Src/stm32f4xx_hal_dma.o
                0x0800debc                        . = ALIGN (0x4)

.ARM.extab      0x0800debc        0x0
                0x0800debc                        . = ALIGN (0x4)
 *(.ARM.extab* .gnu.linkonce.armextab.*)
                0x0800debc                        . = ALIGN (0x4)

.ARM            0x0800debc        0x8
                0x0800debc                        . = ALIGN (0x4)
                0x0800debc                        __exidx_start = .
 *(.ARM.exidx*)
 .ARM.exidx     0x0800debc        0x8 /Applications/STM32CubeIDE.app/Contents/Eclipse/plugins/com.st.stm32cube.ide.mcu.externaltools.gnu-tools-for-stm32.12.3.rel1.macos64_1.0.100.202403111906/tools/bin/../lib/gcc/arm-none-eabi/12.3.1/thumb/v7e-m+fp/hard/libgcc.a(_udivmoddi4.o)
                0x0800dec4                        __exidx_end = .
                0x0800dec4                        . = ALIGN (0x4)

.preinit_array  0x0800dec4        0x0
                0x0800dec4                        . = ALIGN (0x4)
                0x0800dec4                        PROVIDE (__preinit_array_start = .)
 *(.preinit_array*)
                0x0800dec4                        PROVIDE (__preinit_array_end = .)
                0x0800dec4                        . = ALIGN (0x4)

.init_array     0x0800dec4        0x4
                0x0800dec4                        . = ALIGN (0x4)
                0x0800dec4                        PROVIDE (__init_array_start = .)
 *(SORT_BY_NAME(.init_array.*))
 *(.init_array*)
 .init_array    0x0800dec4        0x4 /Applications/STM32CubeIDE.app/Contents/Eclipse/plugins/com.st.stm32cube.ide.mcu.externaltools.gnu-tools-for-stm32.12.3.rel1.macos64_1.0.100.202403111906/tools/bin/../lib/gcc/arm-none-eabi/12.3.1/thumb/v7e-m+fp/hard/crtbegin.o
                0x0800dec8                        PROVIDE (__init_array_end = .)
                0x0800dec8                        . = ALIGN (0x4)

.fini_array     0x0800dec8        0x4
                0x0800dec8                        . = ALIGN (0x4)
                [!provide]                        PROVIDE (__fini_array_start = .)
 *(SORT_BY_NAME(.fini_array.*))
 *(.fini_array*)
 .fini_array    0x0800dec8        0x4 /Applications/STM32CubeIDE.app/Contents/Eclipse/plugins/com.st.stm32cube.ide.mcu.externaltools.gnu-tools-for-stm32.12.3.rel1.macos64_1.0.100.202403111906/tools/bin/../lib/gcc/arm-none-eabi/12.3.1/thumb/v7e-m+fp/hard/crtbegin.o
                [!provide]                        PROVIDE (__fini_array_end = .)
                0x0800decc                        . = ALIGN (0x4)
                0x0800decc                        _sidata = LOADADDR (.data)

.rel.dyn        0x0800decc        0x0
 .rel.iplt      0x0800decc        0x0 /Applications/STM32CubeIDE.app/Contents/Eclipse/plugins/com.st.stm32cube.ide.mcu.externaltools.gnu-tools-for-stm32.12.3.rel1.macos64_1.0.100.202403111906/tools/bin/../lib/gcc/arm-none-eabi/12.3.1/thumb/v7e-m+fp/hard/crtbegin.o

.data           0x20000000      0x100 load address 0x0800decc
                0x20000000                        . = ALIGN (0x4)
                0x20000000                        _sdata = .
 *(.data)
 *(.data*)
 .data.SystemCoreClock
                0x20000000        0x4 ./Core/Src/system_stm32f4xx.o
                0x20000000                SystemCoreClock
 .data.uwTickPrio
                0x20000004        0x4 ./Drivers/STM32F4xx_HAL_Driver/Src/stm32f4xx_hal.o
                0x20000004                uwTickPrio
 .data.uwTickFreq
                0x20000008        0x1 ./Drivers/STM32F4xx_HAL_Driver/Src/stm32f4xx_hal.o
                0x20000008                uwTickFreq
 *fill*         0x20000009        0x3 
 .data.USBD_CDC_DeviceQualifierDesc
                0x2000000c        0xa ./Middlewares/ST/STM32_USB_Device_Library/Class/CDC/Src/usbd_cdc.o
 *fill*         0x20000016        0x2 
 .data.USBD_CDC
                0x20000018       0x38 ./Middlewares/ST/STM32_USB_Device_Library/Class/CDC/Src/usbd_cdc.o
                0x20000018                USBD_CDC
 .data.USBD_CDC_CfgDesc
                0x20000050       0x43 ./Middlewares/ST/STM32_USB_Device_Library/Class/CDC/Src/usbd_cdc.o
 .data.CDCInEpAdd
                0x20000093        0x1 ./Middlewares/ST/STM32_USB_Device_Library/Class/CDC/Src/usbd_cdc.o
 .data.CDCOutEpAdd
                0x20000094        0x1 ./Middlewares/ST/STM32_USB_Device_Library/Class/CDC/Src/usbd_cdc.o
 .data.CDCCmdEpAdd
                0x20000095        0x1 ./Middlewares/ST/STM32_USB_Device_Library/Class/CDC/Src/usbd_cdc.o
 *fill*         0x20000096        0x2 
 .data.uxCriticalNesting
                0x20000098        0x4 ./Middlewares/Third_Party/FreeRTOS/Source/portable/GCC/ARM_CM4F/port.o
 .data.USBD_Interface_fops_FS
                0x2000009c       0x14 ./USB_DEVICE/App/usbd_cdc_if.o
                0x2000009c                USBD_Interface_fops_FS
 .data.FS_Desc  0x200000b0       0x1c ./USB_DEVICE/App/usbd_desc.o
                0x200000b0                FS_Desc
 .data.USBD_FS_DeviceDesc
                0x200000cc       0x12 ./USB_DEVICE/App/usbd_desc.o
                0x200000cc                USBD_FS_DeviceDesc
 *fill*         0x200000de        0x2 
 .data.USBD_LangIDDesc
                0x200000e0        0x4 ./USB_DEVICE/App/usbd_desc.o
                0x200000e0                USBD_LangIDDesc
 .data.USBD_StringSerial
                0x200000e4       0x1a ./USB_DEVICE/App/usbd_desc.o
                0x200000e4                USBD_StringSerial
 *(.RamFunc)
 *(.RamFunc*)
                0x20000100                        . = ALIGN (0x4)
 *fill*         0x200000fe        0x2 
                0x20000100                        _edata = .
                0x0800dfcc                        _siccmram = LOADADDR (.ccmram)

.igot.plt       0x20000100        0x0 load address 0x0800dfcc
 .igot.plt      0x20000100        0x0 /Applications/STM32CubeIDE.app/Contents/Eclipse/plugins/com.st.stm32cube.ide.mcu.externaltools.gnu-tools-for-stm32.12.3.rel1.macos64_1.0.100.202403111906/tools/bin/../lib/gcc/arm-none-eabi/12.3.1/thumb/v7e-m+fp/hard/crtbegin.o

.ccmram         0x10000000        0x0 load address 0x0800dfcc
                0x10000000                        . = ALIGN (0x4)
                0x10000000                        _sccmram = .
 *(.ccmram)
 *(.ccmram*)
                0x10000000                        . = ALIGN (0x4)
                0x10000000                        _eccmram = .
                0x10000000                        . = ALIGN (0x4)

.bss            0x20000100    0x13098
                0x20000100                        _sbss = .
                0x20000100                        __bss_start__ = _sbss
 *(.bss)
 .bss           0x20000100       0x1c /Applications/STM32CubeIDE.app/Contents/Eclipse/plugins/com.st.stm32cube.ide.mcu.externaltools.gnu-tools-for-stm32.12.3.rel1.macos64_1.0.100.202403111906/tools/bin/../lib/gcc/arm-none-eabi/12.3.1/thumb/v7e-m+fp/hard/crtbegin.o
 *(.bss*)
 .bss.hadc1     0x2000011c       0x48 ./Core/Src/adc.o
                0x2000011c                hadc1
 .bss.hdma_adc1
                0x20000164       0x60 ./Core/Src/adc.o
                0x20000164                hdma_adc1
 .bss.hcan1     0x200001c4       0x28 ./Core/Src/can.o
                0x200001c4                hcan1
 .bss.hcan2     0x200001ec       0x28 ./Core/Src/can.o
                0x200001ec                hcan2
 .bss.HAL_RCC_CAN1_CLK_ENABLED
                0x20000214        0x4 ./Core/Src/can.o
 .bss.defaultTaskHandle
                0x20000218        0x4 ./Core/Src/freertos.o
                0x20000218                defaultTaskHandle
 .bss.hi2c1     0x2000021c       0x54 ./Core/Src/i2c.o
                0x2000021c                hi2c1
 .bss.hi2c2     0x20000270       0x54 ./Core/Src/i2c.o
                0x20000270                hi2c2
 .bss.hi2c3     0x200002c4       0x54 ./Core/Src/i2c.o
                0x200002c4                hi2c3
 .bss.hspi1     0x20000318       0x58 ./Core/Src/spi.o
                0x20000318                hspi1
 .bss.hspi3     0x20000370       0x58 ./Core/Src/spi.o
                0x20000370                hspi3
 .bss.htim6     0x200003c8       0x48 ./Core/Src/stm32f4xx_hal_timebase_tim.o
                0x200003c8                htim6
 .bss.htim2     0x20000410       0x48 ./Core/Src/tim.o
                0x20000410                htim2
 .bss.htim3     0x20000458       0x48 ./Core/Src/tim.o
                0x20000458                htim3
 .bss.htim7     0x200004a0       0x48 ./Core/Src/tim.o
                0x200004a0                htim7
 .bss.htim10    0x200004e8       0x48 ./Core/Src/tim.o
                0x200004e8                htim10
 .bss.htim11    0x20000530       0x48 ./Core/Src/tim.o
                0x20000530                htim11
 .bss.htim13    0x20000578       0x48 ./Core/Src/tim.o
                0x20000578                htim13
 .bss.htim14    0x200005c0       0x48 ./Core/Src/tim.o
                0x200005c0                htim14
 .bss.huart4    0x20000608       0x48 ./Core/Src/usart.o
                0x20000608                huart4
 .bss.huart5    0x20000650       0x48 ./Core/Src/usart.o
                0x20000650                huart5
 .bss.huart1    0x20000698       0x48 ./Core/Src/usart.o
                0x20000698                huart1
 .bss.hdma_uart4_rx
                0x200006e0       0x60 ./Core/Src/usart.o
                0x200006e0                hdma_uart4_rx
 .bss.hdma_uart4_tx
                0x20000740       0x60 ./Core/Src/usart.o
                0x20000740                hdma_uart4_tx
 .bss.hdma_uart5_rx
                0x200007a0       0x60 ./Core/Src/usart.o
                0x200007a0                hdma_uart5_rx
 .bss.hdma_uart5_tx
                0x20000800       0x60 ./Core/Src/usart.o
                0x20000800                hdma_uart5_tx
 .bss.uwTick    0x20000860        0x4 ./Drivers/STM32F4xx_HAL_Driver/Src/stm32f4xx_hal.o
                0x20000860                uwTick
 .bss.cfgidx.0  0x20000864        0x1 ./Middlewares/ST/STM32_USB_Device_Library/Core/Src/usbd_ctlreq.o
 *fill*         0x20000865        0x3 
 .bss.KernelState
                0x20000868        0x4 ./Middlewares/Third_Party/FreeRTOS/Source/CMSIS_RTOS_V2/cmsis_os2.o
 .bss.Idle_TCB.3
                0x2000086c       0x5c ./Middlewares/Third_Party/FreeRTOS/Source/CMSIS_RTOS_V2/cmsis_os2.o
 .bss.Idle_Stack.2
                0x200008c8      0x200 ./Middlewares/Third_Party/FreeRTOS/Source/CMSIS_RTOS_V2/cmsis_os2.o
 .bss.Timer_TCB.1
                0x20000ac8       0x5c ./Middlewares/Third_Party/FreeRTOS/Source/CMSIS_RTOS_V2/cmsis_os2.o
 .bss.Timer_Stack.0
                0x20000b24      0x400 ./Middlewares/Third_Party/FreeRTOS/Source/CMSIS_RTOS_V2/cmsis_os2.o
 .bss.xQueueRegistry
                0x20000f24       0x40 ./Middlewares/Third_Party/FreeRTOS/Source/queue.o
                0x20000f24                xQueueRegistry
 .bss.pxCurrentTCB
                0x20000f64        0x4 ./Middlewares/Third_Party/FreeRTOS/Source/tasks.o
                0x20000f64                pxCurrentTCB
 .bss.pxReadyTasksLists
                0x20000f68      0x460 ./Middlewares/Third_Party/FreeRTOS/Source/tasks.o
 .bss.xDelayedTaskList1
                0x200013c8       0x14 ./Middlewares/Third_Party/FreeRTOS/Source/tasks.o
 .bss.xDelayedTaskList2
                0x200013dc       0x14 ./Middlewares/Third_Party/FreeRTOS/Source/tasks.o
 .bss.pxDelayedTaskList
                0x200013f0        0x4 ./Middlewares/Third_Party/FreeRTOS/Source/tasks.o
 .bss.pxOverflowDelayedTaskList
                0x200013f4        0x4 ./Middlewares/Third_Party/FreeRTOS/Source/tasks.o
 .bss.xPendingReadyList
                0x200013f8       0x14 ./Middlewares/Third_Party/FreeRTOS/Source/tasks.o
 .bss.xTasksWaitingTermination
                0x2000140c       0x14 ./Middlewares/Third_Party/FreeRTOS/Source/tasks.o
 .bss.uxDeletedTasksWaitingCleanUp
                0x20001420        0x4 ./Middlewares/Third_Party/FreeRTOS/Source/tasks.o
 .bss.xSuspendedTaskList
                0x20001424       0x14 ./Middlewares/Third_Party/FreeRTOS/Source/tasks.o
 .bss.uxCurrentNumberOfTasks
                0x20001438        0x4 ./Middlewares/Third_Party/FreeRTOS/Source/tasks.o
 .bss.xTickCount
                0x2000143c        0x4 ./Middlewares/Third_Party/FreeRTOS/Source/tasks.o
 .bss.uxTopReadyPriority
                0x20001440        0x4 ./Middlewares/Third_Party/FreeRTOS/Source/tasks.o
 .bss.xSchedulerRunning
                0x20001444        0x4 ./Middlewares/Third_Party/FreeRTOS/Source/tasks.o
 .bss.xPendedTicks
                0x20001448        0x4 ./Middlewares/Third_Party/FreeRTOS/Source/tasks.o
 .bss.xYieldPending
                0x2000144c        0x4 ./Middlewares/Third_Party/FreeRTOS/Source/tasks.o
 .bss.xNumOfOverflows
                0x20001450        0x4 ./Middlewares/Third_Party/FreeRTOS/Source/tasks.o
 .bss.uxTaskNumber
                0x20001454        0x4 ./Middlewares/Third_Party/FreeRTOS/Source/tasks.o
 .bss.xNextTaskUnblockTime
                0x20001458        0x4 ./Middlewares/Third_Party/FreeRTOS/Source/tasks.o
 .bss.xIdleTaskHandle
                0x2000145c        0x4 ./Middlewares/Third_Party/FreeRTOS/Source/tasks.o
 .bss.uxSchedulerSuspended
                0x20001460        0x4 ./Middlewares/Third_Party/FreeRTOS/Source/tasks.o
 .bss.xActiveTimerList1
                0x20001464       0x14 ./Middlewares/Third_Party/FreeRTOS/Source/timers.o
 .bss.xActiveTimerList2
                0x20001478       0x14 ./Middlewares/Third_Party/FreeRTOS/Source/timers.o
 .bss.pxCurrentTimerList
                0x2000148c        0x4 ./Middlewares/Third_Party/FreeRTOS/Source/timers.o
 .bss.pxOverflowTimerList
                0x20001490        0x4 ./Middlewares/Third_Party/FreeRTOS/Source/timers.o
 .bss.xTimerQueue
                0x20001494        0x4 ./Middlewares/Third_Party/FreeRTOS/Source/timers.o
 .bss.xTimerTaskHandle
                0x20001498        0x4 ./Middlewares/Third_Party/FreeRTOS/Source/timers.o
 .bss.xLastTime.2
                0x2000149c        0x4 ./Middlewares/Third_Party/FreeRTOS/Source/timers.o
 .bss.ucStaticTimerQueueStorage.1
                0x200014a0       0xa0 ./Middlewares/Third_Party/FreeRTOS/Source/timers.o
 .bss.xStaticTimerQueue.0
                0x20001540       0x50 ./Middlewares/Third_Party/FreeRTOS/Source/timers.o
 .bss.ucMaxSysCallPriority
                0x20001590        0x1 ./Middlewares/Third_Party/FreeRTOS/Source/portable/GCC/ARM_CM4F/port.o
 *fill*         0x20001591        0x3 
 .bss.ulMaxPRIGROUPValue
                0x20001594        0x4 ./Middlewares/Third_Party/FreeRTOS/Source/portable/GCC/ARM_CM4F/port.o
 .bss.ucHeap    0x20001598    0x10000 ./Middlewares/Third_Party/FreeRTOS/Source/portable/MemMang/heap_4.o
 .bss.xStart    0x20011598        0x8 ./Middlewares/Third_Party/FreeRTOS/Source/portable/MemMang/heap_4.o
 .bss.pxEnd     0x200115a0        0x4 ./Middlewares/Third_Party/FreeRTOS/Source/portable/MemMang/heap_4.o
 .bss.xFreeBytesRemaining
                0x200115a4        0x4 ./Middlewares/Third_Party/FreeRTOS/Source/portable/MemMang/heap_4.o
 .bss.xMinimumEverFreeBytesRemaining
                0x200115a8        0x4 ./Middlewares/Third_Party/FreeRTOS/Source/portable/MemMang/heap_4.o
 .bss.xNumberOfSuccessfulAllocations
                0x200115ac        0x4 ./Middlewares/Third_Party/FreeRTOS/Source/portable/MemMang/heap_4.o
 .bss.xNumberOfSuccessfulFrees
                0x200115b0        0x4 ./Middlewares/Third_Party/FreeRTOS/Source/portable/MemMang/heap_4.o
 .bss.xBlockAllocatedBit
                0x200115b4        0x4 ./Middlewares/Third_Party/FreeRTOS/Source/portable/MemMang/heap_4.o
 .bss.hUsbDeviceFS
                0x200115b8      0x2dc ./USB_DEVICE/App/usb_device.o
                0x200115b8                hUsbDeviceFS
 .bss.UserRxBufferFS
                0x20011894      0x800 ./USB_DEVICE/App/usbd_cdc_if.o
                0x20011894                UserRxBufferFS
 .bss.UserTxBufferFS
                0x20012094      0x800 ./USB_DEVICE/App/usbd_cdc_if.o
                0x20012094                UserTxBufferFS
 .bss.USBD_StrDesc
                0x20012894      0x200 ./USB_DEVICE/App/usbd_desc.o
                0x20012894                USBD_StrDesc
 .bss.hpcd_USB_OTG_FS
                0x20012a94      0x4e4 ./USB_DEVICE/Target/usbd_conf.o
                0x20012a94                hpcd_USB_OTG_FS
 .bss.mem.0     0x20012f78      0x220 ./USB_DEVICE/Target/usbd_conf.o
 *(COMMON)
                0x20013198                        . = ALIGN (0x4)
                0x20013198                        _ebss = .
                0x20013198                        __bss_end__ = _ebss

._user_heap_stack
                0x20013198     0x4400
                0x20013198                        . = ALIGN (0x8)
                [!provide]                        PROVIDE (end = .)
                0x20013198                        PROVIDE (_end = .)
                0x20016d98                        . = (. + _Min_Heap_Size)
 *fill*         0x20013198     0x3c00 
                0x20017598                        . = (. + _Min_Stack_Size)
 *fill*         0x20016d98      0x800 
                0x20017598                        . = ALIGN (0x8)

/DISCARD/
 libc.a(*)
 libm.a(*)
 libgcc.a(*)

.ARM.attributes